Component: ARM Compiler 5.06 update 5 (build 528) Tool: armlink [4d35e2]

==============================================================================

Section Cross References

    startup_stm32f407xx.o(STACK) refers (Special) to heapauxi.o(.text) for __use_two_region_memory
    startup_stm32f407xx.o(HEAP) refers (Special) to heapauxi.o(.text) for __use_two_region_memory
    startup_stm32f407xx.o(RESET) refers (Special) to heapauxi.o(.text) for __use_two_region_memory
    startup_stm32f407xx.o(RESET) refers to startup_stm32f407xx.o(STACK) for __initial_sp
    startup_stm32f407xx.o(RESET) refers to startup_stm32f407xx.o(.text) for Reset_Handler
    startup_stm32f407xx.o(RESET) refers to system.o(i.SysTick_Handler) for SysTick_Handler
    startup_stm32f407xx.o(RESET) refers to exti.o(i.EXTI0_IRQHandler) for EXTI0_IRQHandler
    startup_stm32f407xx.o(RESET) refers to exti.o(i.EXTI1_IRQHandler) for EXTI1_IRQHandler
    startup_stm32f407xx.o(RESET) refers to exti.o(i.EXTI2_IRQHandler) for EXTI2_IRQHandler
    startup_stm32f407xx.o(RESET) refers to exti.o(i.EXTI3_IRQHandler) for EXTI3_IRQHandler
    startup_stm32f407xx.o(RESET) refers to exti.o(i.EXTI4_IRQHandler) for EXTI4_IRQHandler
    startup_stm32f407xx.o(RESET) refers to exti.o(i.EXTI9_5_IRQHandler) for EXTI9_5_IRQHandler
    startup_stm32f407xx.o(RESET) refers to timer.o(i.TIM1_CC_IRQHandler) for TIM1_CC_IRQHandler
    startup_stm32f407xx.o(RESET) refers to timer.o(i.TIM2_IRQHandler) for TIM2_IRQHandler
    startup_stm32f407xx.o(RESET) refers to timer.o(i.TIM3_IRQHandler) for TIM3_IRQHandler
    startup_stm32f407xx.o(RESET) refers to timer.o(i.TIM4_IRQHandler) for TIM4_IRQHandler
    startup_stm32f407xx.o(RESET) refers to serial_uart_stm32f4xx.o(i.USART1_IRQHandler) for USART1_IRQHandler
    startup_stm32f407xx.o(RESET) refers to serial_uart_stm32f4xx.o(i.USART3_IRQHandler) for USART3_IRQHandler
    startup_stm32f407xx.o(RESET) refers to exti.o(i.EXTI15_10_IRQHandler) for EXTI15_10_IRQHandler
    startup_stm32f407xx.o(RESET) refers to timer.o(i.TIM5_IRQHandler) for TIM5_IRQHandler
    startup_stm32f407xx.o(RESET) refers to serial_uart_stm32f4xx.o(i.USART6_IRQHandler) for USART6_IRQHandler
    startup_stm32f407xx.o(.text) refers (Special) to heapauxi.o(.text) for __use_two_region_memory
    startup_stm32f407xx.o(.text) refers to system_stm32f4xx.o(i.SystemInit) for SystemInit
    startup_stm32f407xx.o(.text) refers to __main.o(!!!main) for __main
    startup_stm32f407xx.o(.text) refers to startup_stm32f407xx.o(HEAP) for Heap_Mem
    startup_stm32f407xx.o(.text) refers to startup_stm32f407xx.o(STACK) for Stack_Mem
    stm32f4xx_flash.o(i.FLASH_EraseAllBank1Sectors) refers to stm32f4xx_flash.o(i.FLASH_WaitForLastOperation) for FLASH_WaitForLastOperation
    stm32f4xx_flash.o(i.FLASH_EraseAllBank2Sectors) refers to stm32f4xx_flash.o(i.FLASH_WaitForLastOperation) for FLASH_WaitForLastOperation
    stm32f4xx_flash.o(i.FLASH_EraseAllSectors) refers to stm32f4xx_flash.o(i.FLASH_WaitForLastOperation) for FLASH_WaitForLastOperation
    stm32f4xx_flash.o(i.FLASH_EraseSector) refers to stm32f4xx_flash.o(i.FLASH_WaitForLastOperation) for FLASH_WaitForLastOperation
    stm32f4xx_flash.o(i.FLASH_OB_Launch) refers to stm32f4xx_flash.o(i.FLASH_WaitForLastOperation) for FLASH_WaitForLastOperation
    stm32f4xx_flash.o(i.FLASH_OB_PCROP1Config) refers to stm32f4xx_flash.o(i.FLASH_WaitForLastOperation) for FLASH_WaitForLastOperation
    stm32f4xx_flash.o(i.FLASH_OB_PCROPConfig) refers to stm32f4xx_flash.o(i.FLASH_WaitForLastOperation) for FLASH_WaitForLastOperation
    stm32f4xx_flash.o(i.FLASH_OB_RDPConfig) refers to stm32f4xx_flash.o(i.FLASH_WaitForLastOperation) for FLASH_WaitForLastOperation
    stm32f4xx_flash.o(i.FLASH_OB_UserConfig) refers to stm32f4xx_flash.o(i.FLASH_WaitForLastOperation) for FLASH_WaitForLastOperation
    stm32f4xx_flash.o(i.FLASH_OB_WRP1Config) refers to stm32f4xx_flash.o(i.FLASH_WaitForLastOperation) for FLASH_WaitForLastOperation
    stm32f4xx_flash.o(i.FLASH_OB_WRPConfig) refers to stm32f4xx_flash.o(i.FLASH_WaitForLastOperation) for FLASH_WaitForLastOperation
    stm32f4xx_flash.o(i.FLASH_ProgramByte) refers to stm32f4xx_flash.o(i.FLASH_WaitForLastOperation) for FLASH_WaitForLastOperation
    stm32f4xx_flash.o(i.FLASH_ProgramDoubleWord) refers to stm32f4xx_flash.o(i.FLASH_WaitForLastOperation) for FLASH_WaitForLastOperation
    stm32f4xx_flash.o(i.FLASH_ProgramHalfWord) refers to stm32f4xx_flash.o(i.FLASH_WaitForLastOperation) for FLASH_WaitForLastOperation
    stm32f4xx_flash.o(i.FLASH_ProgramWord) refers to stm32f4xx_flash.o(i.FLASH_WaitForLastOperation) for FLASH_WaitForLastOperation
    stm32f4xx_flash.o(i.FLASH_WaitForLastOperation) refers to stm32f4xx_flash.o(i.FLASH_GetStatus) for FLASH_GetStatus
    stm32f4xx_gpio.o(i.GPIO_DeInit) refers to stm32f4xx_rcc.o(i.RCC_AHB1PeriphResetCmd) for RCC_AHB1PeriphResetCmd
[...]
    i.rxUpdateCheck                          0x08002284   Section        0  rx.o(i.rxUpdateCheck)
    i.sbusDataReceiveCallBack                0x080022d8   Section        0  sbus.o(i.sbusDataReceiveCallBack)
    sbusDataReceiveCallBack                  0x080022d9   Thumb Code    70  sbus.o(i.sbusDataReceiveCallBack)
    i.sbusFrameStatus                        0x08002328   Section        0  sbus.o(i.sbusFrameStatus)
    sbusFrameStatus                          0x08002329   Thumb Code   208  sbus.o(i.sbusFrameStatus)
    i.sbusInit                               0x08002400   Section        0  sbus.o(i.sbusInit)
    i.sbusReadRawRC                          0x0800247c   Section        0  sbus.o(i.sbusReadRawRC)
    sbusReadRawRC                            0x0800247d   Thumb Code    22  sbus.o(i.sbusReadRawRC)
    i.scaleRange                             0x08002498   Section        0  maths.o(i.scaleRange)
    i.serialInit                             0x080024b0   Section        0  serial.o(i.serialInit)
    i.serialRxInit                           0x080024e4   Section        0  rx.o(i.serialRxInit)
    i.serialUART                             0x080024f8   Section        0  serial_uart_stm32f4xx.o(i.serialUART)
    i.serialUART1                            0x08002608   Section        0  serial_uart_stm32f4xx.o(i.serialUART1)
    i.serialUART3                            0x08002614   Section        0  serial_uart_stm32f4xx.o(i.serialUART3)
    i.serialUART6                            0x08002620   Section        0  serial_uart_stm32f4xx.o(i.serialUART6)
    i.serialWrite                            0x0800262c   Section        0  serial.o(i.serialWrite)
    i.spiInit                                0x08002632   Section        0  bus_spi.o(i.spiInit)
    i.spiInitDevice                          0x0800264c   Section        0  bus_spi.o(i.spiInitDevice)
    i.systemInit                             0x08002764   Section        0  main.o(i.systemInit)
    i.targetConfiguration                    0x080027b4   Section        0  config.o(i.targetConfiguration)
    i.timCCxHandler                          0x080027ea   Section        0  timer.o(i.timCCxHandler)
    timCCxHandler                            0x080027eb   Thumb Code   122  timer.o(i.timCCxHandler)
    i.timerChCCR                             0x08002864   Section        0  timer.o(i.timerChCCR)
    i.timerClockDivisor                      0x08002870   Section        0  timer_stm32f4xx.o(i.timerClockDivisor)
    i.timerGetByTag                          0x080028ac   Section        0  timer.o(i.timerGetByTag)
    i.timerInit                              0x080028e8   Section        0  timer.o(i.timerInit)
    i.timerOCInit                            0x0800296c   Section        0  timer.o(i.timerOCInit)
    i.timerOCPreloadConfig                   0x08002994   Section        0  timer.o(i.timerOCPreloadConfig)
    i.timerRCC                               0x080029bc   Section        0  timer.o(i.timerRCC)
    i.uartIrqHandler                         0x080029e0   Section        0  serial_uart_stm32f4xx.o(i.uartIrqHandler)
    i.uartOpen                               0x08002a78   Section        0  serial_uart.o(i.uartOpen)
    i.uartRead                               0x08002bec   Section        0  serial_uart.o(i.uartRead)
    i.uartReconfigure                        0x08002c18   Section        0  serial_uart.o(i.uartReconfigure)
    uartReconfigure                          0x08002c19   Thumb Code   140  serial_uart.o(i.uartReconfigure)
    i.uartSetBaudRate                        0x08002ca4   Section        0  serial_uart.o(i.uartSetBaudRate)
    i.uartSetMode                            0x08002caa   Section        0  serial_uart.o(i.uartSetMode)
    i.uartStartTxDMA                         0x08002cb0   Section        0  serial_uart.o(i.uartStartTxDMA)
    i.uartTotalRxBytesWaiting                0x08002cfa   Section        0  serial_uart.o(i.uartTotalRxBytesWaiting)
    i.uartTotalTxBytesFree                   0x08002d12   Section        0  serial_uart.o(i.uartTotalTxBytesFree)
    i.uartWrite                              0x08002d38   Section        0  serial_uart.o(i.uartWrite)
    i.useRcControlsConfig                    0x08002d68   Section        0  rc_controls.o(i.useRcControlsConfig)
    i.validateAndFixConfig                   0x08002d84   Section        0  config.o(i.validateAndFixConfig)
    i.validateAndFixGyroConfig               0x08002dc4   Section        0  config.o(i.validateAndFixGyroConfig)
    x$fpl$fpinit                             0x08002df0   Section       10  fpinit.o(x$fpl$fpinit)
    $v0                                      0x08002df0   Number         0  fpinit.o(x$fpl$fpinit)
    .constdata                               0x08002dfc   Section      168  target.o(.constdata)
    .constdata                               0x08002ea4   Section       26  bus_spi.o(.constdata)
    __FUNCTION__                             0x08002ea4   Data          14  bus_spi.o(.constdata)
    __FUNCTION__                             0x08002eb2   Data          12  bus_spi.o(.constdata)
    .constdata                               0x08002ebe   Section       22  io.o(.constdata)
    ioDefUsedOffset                          0x08002ebe   Data           5  io.o(.constdata)
    ioDefUsedMask                            0x08002eca   Data          10  io.o(.constdata)
    .constdata                               0x08002ed4   Section        3  serial.o(.constdata)
    .constdata                               0x08002ed8   Section       40  serial_uart.o(.constdata)
    .constdata                               0x08002f00   Section      112  timer_stm32f4xx.o(.constdata)
    .constdata                               0x08002f70   Section       28  rx.o(.constdata)
    __FUNCTION__                             0x08002f70   Data           7  rx.o(.constdata)
    .data                                    0x20000000   Section       16  stm32f4xx_rcc.o(.data)
    APBAHBPrescTable                         0x20000000   Data          16  stm32f4xx_rcc.o(.data)
    .data                                    0x20000010   Section       16  main.o(.data)
    .data                                    0x20000020   Section        4  main.o(.data)
    .data                                    0x20000024   Section       20  system_stm32f4xx.o(.data)
    .data                                    0x20000038   Section       12  system.o(.data)
    usTicks                                  0x20000038   Data           4  system.o(.data)
    sysTickPending                           0x20000040   Data           4  system.o(.data)
    .data                                    0x20000044   Section       16  bus_spi.o(.data)
    spiHardwareMap                           0x20000044   Data          16  bus_spi.o(.data)
    .data                                    0x20000054   Section        7  exti.o(.data)
    extiGroupPriority                        0x20000054   Data           7  exti.o(.data)
    .data                                    0x2000005b   Section        1  led.o(.data)
    ledPolarity                              0x2000005b   Data           1  led.o(.data)
    .data                                    0x2000005c   Section        8  pwm_output.o(.data)
    pwmWritePtr                              0x20000060   Data           4  pwm_output.o(.data)
    .data                                    0x20000064   Section        4  rxserial3test.o(.data)
    rxSerial3TestPort                        0x20000064   Data           4  rxserial3test.o(.data)
    .data                                    0x20000068   Section        8  serial.o(.data)
    findSerialPortConfigState                0x20000068   Data           1  serial.o(.data)
    serialConfig                             0x2000006c   Data           4  serial.o(.data)
    .data                                    0x20000070   Section     1148  serial_uart_stm32f4xx.o(.data)
    uart1                                    0x20000070   Data        1148  serial_uart_stm32f4xx.o(.data)
    .data                                    0x200004ec   Section     1148  serial_uart_stm32f4xx.o(.data)
    uart3                                    0x200004ec   Data        1148  serial_uart_stm32f4xx.o(.data)
    .data                                    0x20000968   Section     1148  serial_uart_stm32f4xx.o(.data)
    uart6                                    0x20000968   Data        1148  serial_uart_stm32f4xx.o(.data)
    .data                                    0x20000de4   Section       24  serial_uart_stm32f4xx.o(.data)
    uartHardwareMap                          0x20000de4   Data          24  serial_uart_stm32f4xx.o(.data)
    .data                                    0x20000dfc   Section        6  timer.o(.data)
    .data                                    0x20000e04   Section        4  config.o(.data)
    .data                                    0x20000e08   Section       12  rc_controls.o(.data)
    isUsingSticksToArm                       0x20000e08   Data           1  rc_controls.o(.data)
    motorConfig                              0x20000e0c   Data           4  rc_controls.o(.data)
    pidProfile                               0x20000e10   Data           4  rc_controls.o(.data)
    .data                                    0x20000e14   Section        4  feature.o(.data)
    activeFeaturesLatch                      0x20000e14   Data           4  feature.o(.data)
    .data                                    0x20000e18   Section       32  rx.o(.data)
    rxDataReceived                           0x20000e18   Data           1  rx.o(.data)
    rxSignalReceived                         0x20000e19   Data           1  rx.o(.data)
    rxSignalReceivedNotDataDriven            0x20000e1a   Data           1  rx.o(.data)
    rxFlightChannelsValid                    0x20000e1b   Data           1  rx.o(.data)
    rxIsInFailsafeMode                       0x20000e1c   Data           1  rx.o(.data)
    rxIsInFailsafeModeNotDataDriven          0x20000e1d   Data           1  rx.o(.data)
    skipRxSamples                            0x20000e1e   Data           1  rx.o(.data)
    rcSampleIndex                            0x20000e1f   Data           1  rx.o(.data)
    maxChannelsAllowed                       0x20000e20   Data           1  rx.o(.data)
    rxSamplesCollected                       0x20000e21   Data           1  rx.o(.data)
    validFlightChannelMask                   0x20000e22   Data           1  rx.o(.data)
    rxUpdateAt                               0x20000e24   Data           4  rx.o(.data)
    needRxSignalBefore                       0x20000e28   Data           4  rx.o(.data)
    suspendRxSignalUntil                     0x20000e2c   Data           4  rx.o(.data)
    needRxSignalMaxDelayUs                   0x20000e30   Data           4  rx.o(.data)
    rxConfig                                 0x20000e34   Data           4  rx.o(.data)
    .data                                    0x20000e38   Section        8  sbus.o(.data)
    sbusFrameDone                            0x20000e38   Data           1  sbus.o(.data)
    sbusFramePosition                        0x20000e39   Data           1  sbus.o(.data)
    sbusFrameStartAt                         0x20000e3c   Data           4  sbus.o(.data)
    .bss                                     0x20000e40   Section       16  system.o(.bss)
    .bss                                     0x20000e50   Section       64  exti.o(.bss)
    .bss                                     0x20000e90   Section      640  io.o(.bss)
    .bss                                     0x20001110   Section       16  led.o(.bss)
    leds                                     0x20001110   Data          16  led.o(.bss)
    .bss                                     0x20001120   Section      320  pwm_output.o(.bss)
    timerLeds                                0x20001120   Data          80  pwm_output.o(.bss)
    motors                                   0x20001170   Data         240  pwm_output.o(.bss)
    .bss                                     0x20001260   Section       36  serial.o(.bss)
    serialPortUsageList                      0x20001260   Data          36  serial.o(.bss)
    .bss                                     0x20001284   Section      254  timer.o(.bss)
    .bss                                     0x20001384   Section      308  config.o(.bss)
    .bss                                     0x200014b8   Section      220  rx.o(.bss)
    rcSamples                                0x200014b8   Data          48  rx.o(.bss)
    rcDataMean                               0x200014e8   Data          16  rx.o(.bss)
    .bss                                     0x20001594   Section      100  sbus.o(.bss)
    sbusFrame                                0x20001594   Data          25  sbus.o(.bss)
    sbusChannelData                          0x200015b0   Data          72  sbus.o(.bss)
    .bss                                     0x200015f8   Section       96  libspace.o(.bss)
    HEAP                                     0x20001658   Section      512  startup_stm32f407xx.o(HEAP)
    Heap_Mem                                 0x20001658   Data         512  startup_stm32f407xx.o(HEAP)
    STACK                                    0x20001858   Section     1024  startup_stm32f407xx.o(STACK)
    Stack_Mem                                0x20001858   Data        1024  startup_stm32f407xx.o(STACK)
    __initial_sp                             0x20001c58   Data           0  startup_stm32f407xx.o(STACK)

    Global Symbols

    Symbol Name                              Value     Ov Type        Size  Object(Section)

    BuildAttributes$$THM_ISAv4$E$P$D$K$B$S$7EM$VFPi3$EXTD16$VFPS$VFMA$PE$A:L22UL41UL21$X:L11$S22US41US21$IEEE1$IW$USESV6$~STKCKD$USESV7$~SHL$OTIME$ROPI$IEEEX$EBA8$UX$STANDARDLIB$REQ8$PRES8$EABIv2 0x00000000   Number         0  anon$$obj.o ABSOLUTE
    __ARM_use_no_argv                        0x00000000   Number         0  main.o ABSOLUTE
    __ARM_exceptions_init                     - Undefined Weak Reference
    __alloca_initialize                       - Undefined Weak Reference
    __arm_preinit_                            - Undefined Weak Reference
    __cpp_initialize__aeabi_                  - Undefined Weak Reference
    __cxa_finalize                            - Undefined Weak Reference
    __sigvec_lookup                           - Undefined Weak Reference
    _atexit_init                              - Undefined Weak Reference
    _call_atexit_fns                          - Undefined Weak Reference
    _clock_init                               - Undefined Weak Reference
    _fp_trap_init                             - Undefined Weak Reference
    _fp_trap_shutdown                         - Undefined Weak Reference
    _get_lc_collate                           - Undefined Weak Reference
    _get_lc_ctype                             - Undefined Weak Reference
    _get_lc_monetary                          - Undefined Weak Reference
    _get_lc_time                              - Undefined Weak Reference
    _getenv_init                              - Undefined Weak Reference
    _handle_redirection                       - Undefined Weak Reference
    _init_alloc                               - Undefined Weak Reference
    _init_user_alloc                          - Undefined Weak Reference
    _initio                                   - Undefined Weak Reference
    _mutex_acquire                            - Undefined Weak Reference
    _mutex_release                            - Undefined Weak Reference
    _printf_mbtowc                            - Undefined Weak Reference
    _printf_post_padding                      - Undefined Weak Reference
    _printf_pre_padding                       - Undefined Weak Reference
    _printf_truncate_signed                   - Undefined Weak Reference
    _printf_truncate_unsigned                 - Undefined Weak Reference
    _signal_finish                            - Undefined Weak Reference
    _signal_init                              - Undefined Weak Reference
    _terminate_alloc                          - Undefined Weak Reference
    _terminate_user_alloc                     - Undefined Weak Reference
    _terminateio                              - Undefined Weak Reference
    __Vectors_Size                           0x00000188   Number         0  startup_stm32f407xx.o ABSOLUTE
    __Vectors                                0x08000000   Data           4  startup_stm32f407xx.o(RESET)
    __Vectors_End                            0x08000188   Data           0  startup_stm32f407xx.o(RESET)
    __main                                   0x08000189   Thumb Code     8  __main.o(!!!main)
    __scatterload                            0x08000191   Thumb Code     0  __scatter.o(!!!scatter)
    __scatterload_rt2                        0x08000191   Thumb Code    44  __scatter.o(!!!scatter)
    __scatterload_rt2_thumb_only             0x08000191   Thumb Code     0  __scatter.o(!!!scatter)
    __scatterload_null                       0x0800019f   Thumb Code     0  __scatter.o(!!!scatter)
    __decompress                             0x080001c5   Thumb Code    90  __dczerorl2.o(!!dczerorl2)
    __decompress1                            0x080001c5   Thumb Code     0  __dczerorl2.o(!!dczerorl2)
    __scatterload_zeroinit                   0x08000221   Thumb Code    28  __scatter_zi.o(!!handler_zi)
    _printf_d                                0x0800023d   Thumb Code     0  _printf_d.o(.ARM.Collect$$_printf_percent$$00000009)
    _printf_percent                          0x0800023d   Thumb Code     0  _printf_percent.o(.ARM.Collect$$_printf_percent$$00000000)
    _printf_u                                0x08000243   Thumb Code     0  _printf_u.o(.ARM.Collect$$_printf_percent$$0000000A)
    _printf_s                                0x08000249   Thumb Code     0  _printf_s.o(.ARM.Collect$$_printf_percent$$00000014)
    _printf_percent_end                      0x0800024f   Thumb Code     0  _printf_percent_end.o(.ARM.Collect$$_printf_percent$$00000017)
    __rt_lib_init                            0x08000253   Thumb Code     0  libinit.o(.ARM.Collect$$libinit$$00000000)
    __rt_lib_init_fp_1                       0x08000255   Thumb Code     0  libinit2.o(.ARM.Collect$$libinit$$00000001)
    __rt_lib_init_alloca_1                   0x08000259   Thumb Code     0  libinit2.o(.ARM.Collect$$libinit$$0000002E)
    __rt_lib_init_argv_1                     0x08000259   Thumb Code     0  libinit2.o(.ARM.Collect$$libinit$$0000002C)
    __rt_lib_init_atexit_1                   0x08000259   Thumb Code     0  libinit2.o(.ARM.Collect$$libinit$$0000001B)
    __rt_lib_init_clock_1                    0x08000259   Thumb Code     0  libinit2.o(.ARM.Collect$$libinit$$00000021)
    __rt_lib_init_cpp_1                      0x08000259   Thumb Code     0  libinit2.o(.ARM.Collect$$libinit$$00000032)
    __rt_lib_init_exceptions_1               0x08000259   Thumb Code     0  libinit2.o(.ARM.Collect$$libinit$$00000030)
    __rt_lib_init_fp_trap_1                  0x08000259   Thumb Code     0  libinit2.o(.ARM.Collect$$libinit$$0000001F)
    __rt_lib_init_getenv_1                   0x08000259   Thumb Code     0  libinit2.o(.ARM.Collect$$libinit$$00000023)
    __rt_lib_init_heap_1                     0x08000259   Thumb Code     0  libinit2.o(.ARM.Collect$$libinit$$0000000A)
    __rt_lib_init_lc_collate_1               0x08000259   Thumb Code     0  libinit2.o(.ARM.Collect$$libinit$$00000011)
    __rt_lib_init_lc_ctype_1                 0x08000259   Thumb Code     0  libinit2.o(.ARM.Collect$$libinit$$00000013)
    __rt_lib_init_lc_monetary_1              0x08000259   Thumb Code     0  libinit2.o(.ARM.Collect$$libinit$$00000015)
    __rt_lib_init_lc_numeric_1               0x08000259   Thumb Code     0  libinit2.o(.ARM.Collect$$libinit$$00000017)
    __rt_lib_init_lc_time_1                  0x08000259   Thumb Code     0  libinit2.o(.ARM.Collect$$libinit$$00000019)
    __rt_lib_init_preinit_1                  0x08000259   Thumb Code     0  libinit2.o(.ARM.Collect$$libinit$$00000004)
    __rt_lib_init_rand_1                     0x08000259   Thumb Code     0  libinit2.o(.ARM.Collect$$libinit$$0000000E)
    __rt_lib_init_return                     0x08000259   Thumb Code     0  libinit2.o(.ARM.Collect$$libinit$$00000033)
    __rt_lib_init_signal_1                   0x08000259   Thumb Code     0  libinit2.o(.ARM.Collect$$libinit$$0000001D)
    __rt_lib_init_stdio_1                    0x08000259   Thumb Code     0  libinit2.o(.ARM.Collect$$libinit$$00000025)
    __rt_lib_init_user_alloc_1               0x08000259   Thumb Code     0  libinit2.o(.ARM.Collect$$libinit$$0000000C)
    __rt_lib_shutdown                        0x0800025b   Thumb Code     0  libshutdown.o(.ARM.Collect$$libshutdown$$00000000)
    __rt_lib_shutdown_cpp_1                  0x0800025d   Thumb Code     0  libshutdown2.o(.ARM.Collect$$libshutdown$$00000002)
    __rt_lib_shutdown_fp_trap_1              0x0800025d   Thumb Code     0  libshutdown2.o(.ARM.Collect$$libshutdown$$00000007)
    __rt_lib_shutdown_heap_1                 0x0800025d   Thumb Code     0  libshutdown2.o(.ARM.Collect$$libshutdown$$0000000F)
    __rt_lib_shutdown_return                 0x0800025d   Thumb Code     0  libshutdown2.o(.ARM.Collect$$libshutdown$$00000010)
    __rt_lib_shutdown_signal_1               0x0800025d   Thumb Code     0  libshutdown2.o(.ARM.Collect$$libshutdown$$0000000A)
    __rt_lib_shutdown_stdio_1                0x0800025d   Thumb Code     0  libshutdown2.o(.ARM.Collect$$libshutdown$$00000004)
    __rt_lib_shutdown_user_alloc_1           0x0800025d   Thumb Code     0  libshutdown2.o(.ARM.Collect$$libshutdown$$0000000C)
    __rt_entry                               0x0800025f   Thumb Code     0  __rtentry.o(.ARM.Collect$$rtentry$$00000000)
    __rt_entry_presh_1                       0x0800025f   Thumb Code     0  __rtentry2.o(.ARM.Collect$$rtentry$$00000002)
    __rt_entry_sh                            0x0800025f   Thumb Code     0  __rtentry4.o(.ARM.Collect$$rtentry$$00000004)
    __rt_entry_li                            0x08000265   Thumb Code     0  __rtentry2.o(.ARM.Collect$$rtentry$$0000000A)
    __rt_entry_postsh_1                      0x08000265   Thumb Code     0  __rtentry2.o(.ARM.Collect$$rtentry$$00000009)
    __rt_entry_main                          0x08000269   Thumb Code     0  __rtentry2.o(.ARM.Collect$$rtentry$$0000000D)
    __rt_entry_postli_1                      0x08000269   Thumb Code     0  __rtentry2.o(.ARM.Collect$$rtentry$$0000000C)
    __rt_exit                                0x08000271   Thumb Code     0  rtexit.o(.ARM.Collect$$rtexit$$00000000)
    __rt_exit_ls                             0x08000273   Thumb Code     0  rtexit2.o(.ARM.Collect$$rtexit$$00000003)
    __rt_exit_prels_1                        0x08000273   Thumb Code     0  rtexit2.o(.ARM.Collect$$rtexit$$00000002)
    __rt_exit_exit                           0x08000277   Thumb Code     0  rtexit2.o(.ARM.Collect$$rtexit$$00000004)
    Reset_Handler                            0x0800027d   Thumb Code     8  startup_stm32f407xx.o(.text)
    NMI_Handler                              0x08000285   Thumb Code     2  startup_stm32f407xx.o(.text)
    HardFault_Handler                        0x08000287   Thumb Code     2  startup_stm32f407xx.o(.text)
    MemManage_Handler                        0x08000289   Thumb Code     2  startup_stm32f407xx.o(.text)
    BusFault_Handler                         0x0800028b   Thumb Code     2  startup_stm32f407xx.o(.text)
    UsageFault_Handler                       0x0800028d   Thumb Code     2  startup_stm32f407xx.o(.text)
    SVC_Handler                              0x0800028f   Thumb Code     2  startup_stm32f407xx.o(.text)
    DebugMon_Handler                         0x08000291   Thumb Code     2  startup_stm32f407xx.o(.text)
    PendSV_Handler                           0x08000293   Thumb Code     2  startup_stm32f407xx.o(.text)
    ADC_IRQHandler                           0x08000297   Thumb Code     0  startup_stm32f407xx.o(.text)
    CAN1_RX0_IRQHandler                      0x08000297   Thumb Code     0  startup_stm32f407xx.o(.text)
    CAN1_RX1_IRQHandler                      0x08000297   Thumb Code     0  startup_stm32f407xx.o(.text)
    CAN1_SCE_IRQHandler                      0x08000297   Thumb Code     0  startup_stm32f407xx.o(.text)
    CAN1_TX_IRQHandler                       0x08000297   Thumb Code     0  startup_stm32f407xx.o(.text)
    CAN2_RX0_IRQHandler                      0x08000297   Thumb Code     0  startup_stm32f407xx.o(.text)
    CAN2_RX1_IRQHandler                      0x08000297   Thumb Code     0  startup_stm32f407xx.o(.text)
    CAN2_SCE_IRQHandler                      0x08000297   Thumb Code     0  startup_stm32f407xx.o(.text)
    CAN2_TX_IRQHandler                       0x08000297   Thumb Code     0  startup_stm32f407xx.o(.text)
    DCMI_IRQHandler                          0x08000297   Thumb Code     0  startup_stm32f407xx.o(.text)
    DMA1_Stream0_IRQHandler                  0x08000297   Thumb Code     0  startup_stm32f407xx.o(.text)
    DMA1_Stream1_IRQHandler                  0x08000297   Thumb Code     0  startup_stm32f407xx.o(.text)
    DMA1_Stream2_IRQHandler                  0x08000297   Thumb Code     0  startup_stm32f407xx.o(.text)
    DMA1_Stream3_IRQHandler                  0x08000297   Thumb Code     0  startup_stm32f407xx.o(.text)
    DMA1_Stream4_IRQHandler                  0x08000297   Thumb Code     0  startup_stm32f407xx.o(.text)
    DMA1_Stream5_IRQHandler                  0x08000297   Thumb Code     0  startup_stm32f407xx.o(.text)
    DMA1_Stream6_IRQHandler                  0x08000297   Thumb Code     0  startup_stm32f407xx.o(.text)
    DMA1_Stream7_IRQHandler                  0x08000297   Thumb Code     0  startup_stm32f407xx.o(.text)
    DMA2_Stream0_IRQHandler                  0x08000297   Thumb Code     0  startup_stm32f407xx.o(.text)
    DMA2_Stream1_IRQHandler                  0x08000297   Thumb Code     0  startup_stm32f407xx.o(.text)
    DMA2_Stream2_IRQHandler                  0x08000297   Thumb Code     0  startup_stm32f407xx.o(.text)
    DMA2_Stream3_IRQHandler                  0x08000297   Thumb Code     0  startup_stm32f407xx.o(.text)
    DMA2_Stream4_IRQHandler                  0x08000297   Thumb Code     0  startup_stm32f407xx.o(.text)
    DMA2_Stream5_IRQHandler                  0x08000297   Thumb Code     0  startup_stm32f407xx.o(.text)
    DMA2_Stream6_IRQHandler                  0x08000297   Thumb Code     0  startup_stm32f407xx.o(.text)
    DMA2_Stream7_IRQHandler                  0x08000297   Thumb Code     0  startup_stm32f407xx.o(.text)
    ETH_IRQHandler                           0x08000297   Thumb Code     0  startup_stm32f407xx.o(.text)
    ETH_WKUP_IRQHandler                      0x08000297   Thumb Code     0  startup_stm32f407xx.o(.text)
    FLASH_IRQHandler                         0x08000297   Thumb Code     0  startup_stm32f407xx.o(.text)
    FMC_IRQHandler                           0x08000297   Thumb Code     0  startup_stm32f407xx.o(.text)
    FPU_IRQHandler                           0x08000297   Thumb Code     0  startup_stm32f407xx.o(.text)
    HASH_RNG_IRQHandler                      0x08000297   Thumb Code     0  startup_stm32f407xx.o(.text)
    I2C1_ER_IRQHandler                       0x08000297   Thumb Code     0  startup_stm32f407xx.o(.text)
    I2C1_EV_IRQHandler                       0x08000297   Thumb Code     0  startup_stm32f407xx.o(.text)
    I2C2_ER_IRQHandler                       0x08000297   Thumb Code     0  startup_stm32f407xx.o(.text)
    I2C2_EV_IRQHandler                       0x08000297   Thumb Code     0  startup_stm32f407xx.o(.text)
    I2C3_ER_IRQHandler                       0x08000297   Thumb Code     0  startup_stm32f407xx.o(.text)
    I2C3_EV_IRQHandler                       0x08000297   Thumb Code     0  startup_stm32f407xx.o(.text)
    OTG_FS_IRQHandler                        0x08000297   Thumb Code     0  startup_stm32f407xx.o(.text)
    OTG_FS_WKUP_IRQHandler                   0x08000297   Thumb Code     0  startup_stm32f407xx.o(.text)
    OTG_HS_EP1_IN_IRQHandler                 0x08000297   Thumb Code     0  startup_stm32f407xx.o(.text)
    OTG_HS_EP1_OUT_IRQHandler                0x08000297   Thumb Code     0  startup_stm32f407xx.o(.text)
    OTG_HS_IRQHandler                        0x08000297   Thumb Code     0  startup_stm32f407xx.o(.text)
    OTG_HS_WKUP_IRQHandler                   0x08000297   Thumb Code     0  startup_stm32f407xx.o(.text)
    PVD_IRQHandler                           0x08000297   Thumb Code     0  startup_stm32f407xx.o(.text)
    RCC_IRQHandler                           0x08000297   Thumb Code     0  startup_stm32f407xx.o(.text)
    RTC_Alarm_IRQHandler                     0x08000297   Thumb Code     0  startup_stm32f407xx.o(.text)
    RTC_WKUP_IRQHandler                      0x08000297   Thumb Code     0  startup_stm32f407xx.o(.text)
    SDIO_IRQHandler                          0x08000297   Thumb Code     0  startup_stm32f407xx.o(.text)
    SPI1_IRQHandler                          0x08000297   Thumb Code     0  startup_stm32f407xx.o(.text)
    SPI2_IRQHandler                          0x08000297   Thumb Code     0  startup_stm32f407xx.o(.text)
    SPI3_IRQHandler                          0x08000297   Thumb Code     0  startup_stm32f407xx.o(.text)
    TAMP_STAMP_IRQHandler                    0x08000297   Thumb Code     0  startup_stm32f407xx.o(.text)
    TIM1_BRK_TIM9_IRQHandler                 0x08000297   Thumb Code     0  startup_stm32f407xx.o(.text)
    TIM1_TRG_COM_TIM11_IRQHandler            0x08000297   Thumb Code     0  startup_stm32f407xx.o(.text)
    TIM1_UP_TIM10_IRQHandler                 0x08000297   Thumb Code     0  startup_stm32f407xx.o(.text)
    TIM6_DAC_IRQHandler                      0x08000297   Thumb Code     0  startup_stm32f407xx.o(.text)
    TIM7_IRQHandler                          0x08000297   Thumb Code     0  startup_stm32f407xx.o(.text)
    TIM8_BRK_TIM12_IRQHandler                0x08000297   Thumb Code     0  startup_stm32f407xx.o(.text)
    TIM8_CC_IRQHandler                       0x08000297   Thumb Code     0  startup_stm32f407xx.o(.text)
    TIM8_TRG_COM_TIM14_IRQHandler            0x08000297   Thumb Code     0  startup_stm32f407xx.o(.text)
    TIM8_UP_TIM13_IRQHandler                 0x08000297   Thumb Code     0  startup_stm32f407xx.o(.text)
    UART4_IRQHandler                         0x08000297   Thumb Code     0  startup_stm32f407xx.o(.text)
    UART5_IRQHandler                         0x08000297   Thumb Code     0  startup_stm32f407xx.o(.text)
    USART2_IRQHandler                        0x08000297   Thumb Code     0  startup_stm32f407xx.o(.text)
    WWDG_IRQHandler                          0x08000297   Thumb Code     0  startup_stm32f407xx.o(.text)
    __user_initial_stackheap                 0x08000299   Thumb Code     0  startup_stm32f407xx.o(.text)
    __2printf                                0x080002bd   Thumb Code    20  noretval__2printf.o(.text)
    __printf                                 0x080002d5   Thumb Code   104  __printf.o(.text)
    _printf_str                              0x0800033d   Thumb Code    82  _printf_str.o(.text)
    _printf_int_dec                          0x08000391   Thumb Code   104  _printf_dec.o(.text)
    strchr                                   0x08000409   Thumb Code    20  strchr.o(.text)
    __aeabi_memset                           0x0800041d   Thumb Code    16  aeabi_memset.o(.text)
    __aeabi_memclr                           0x0800042d   Thumb Code     0  rt_memclr.o(.text)
    __rt_memclr                              0x0800042d   Thumb Code    68  rt_memclr.o(.text)
    _memset                                  0x08000431   Thumb Code     0  rt_memclr.o(.text)
    __aeabi_memclr4                          0x08000471   Thumb Code     0  rt_memclr_w.o(.text)
    __aeabi_memclr8                          0x08000471   Thumb Code     0  rt_memclr_w.o(.text)
    __rt_memclr_w                            0x08000471   Thumb Code    78  rt_memclr_w.o(.text)
    _memset_w                                0x08000475   Thumb Code     0  rt_memclr_w.o(.text)
    __use_two_region_memory                  0x080004bf   Thumb Code     2  heapauxi.o(.text)
    __rt_heap_escrow$2region                 0x080004c1   Thumb Code     2  heapauxi.o(.text)
    __rt_heap_expand$2region                 0x080004c3   Thumb Code     2  heapauxi.o(.text)
    _printf_int_common                       0x080004c5   Thumb Code   178  _printf_intcommon.o(.text)
    _printf_cs_common                        0x08000577   Thumb Code    20  _printf_char.o(.text)
    _printf_char                             0x0800058b   Thumb Code    16  _printf_char.o(.text)
    _printf_string                           0x0800059b   Thumb Code     8  _printf_char.o(.text)
    _printf_char_file                        0x080005a5   Thumb Code    32  _printf_char_file.o(.text)
    _printf_char_common                      0x080005d3   Thumb Code    32  _printf_char_common.o(.text)
    ferror                                   0x080005f9   Thumb Code     8  ferror.o(.text)
    __user_libspace                          0x08000601   Thumb Code     8  libspace.o(.text)
    __user_perproc_libspace                  0x08000601   Thumb Code     0  libspace.o(.text)
    __user_perthread_libspace                0x08000601   Thumb Code     0  libspace.o(.text)
    __user_setup_stackheap                   0x08000609   Thumb Code    74  sys_stackheap_outer.o(.text)
    exit                                     0x08000653   Thumb Code    18  exit.o(.text)
    __I$use$semihosting                      0x08000665   Thumb Code     0  use_no_semi.o(.text)
    __use_no_semihosting_swi                 0x08000665   Thumb Code     2  use_no_semi.o(.text)
    __semihosting_library_function           0x08000667   Thumb Code     0  indicate_semi.o(.text)
    _sys_exit                                0x08000669   Thumb Code     8  sys_exit.o(.text)
    CheckEEPROMContainsValidData             0x08000675   Thumb Code     6  config.o(i.CheckEEPROMContainsValidData)
    CreateDefaultConfig                      0x08000681   Thumb Code   328  config.o(i.CreateDefaultConfig)
    DMA_Cmd                                  0x080007d1   Thumb Code    20  stm32f4xx_dma.o(i.DMA_Cmd)
    DMA_DeInit                               0x080007e5   Thumb Code   272  stm32f4xx_dma.o(i.DMA_DeInit)
    DMA_GetCurrDataCounter                   0x08000909   Thumb Code     6  stm32f4xx_dma.o(i.DMA_GetCurrDataCounter)
    DMA_ITConfig                             0x0800090f   Thumb Code    44  stm32f4xx_dma.o(i.DMA_ITConfig)
    DMA_Init                                 0x0800093d   Thumb Code    80  stm32f4xx_dma.o(i.DMA_Init)
    DMA_MemoryTargetConfig                   0x08000991   Thumb Code    10  stm32f4xx_dma.o(i.DMA_MemoryTargetConfig)
    DMA_SetCurrDataCounter                   0x0800099b   Thumb Code     4  stm32f4xx_dma.o(i.DMA_SetCurrDataCounter)
    DMA_StructInit                           0x0800099f   Thumb Code    34  stm32f4xx_dma.o(i.DMA_StructInit)
    EXTI0_IRQHandler                         0x080009c1   Thumb Code     4  exti.o(i.EXTI0_IRQHandler)
    EXTI15_10_IRQHandler                     0x080009c5   Thumb Code     4  exti.o(i.EXTI15_10_IRQHandler)
    EXTI1_IRQHandler                         0x080009c9   Thumb Code     4  exti.o(i.EXTI1_IRQHandler)
    EXTI2_IRQHandler                         0x080009cd   Thumb Code     4  exti.o(i.EXTI2_IRQHandler)
    EXTI3_IRQHandler                         0x080009d1   Thumb Code     4  exti.o(i.EXTI3_IRQHandler)
    EXTI4_IRQHandler                         0x080009d5   Thumb Code     4  exti.o(i.EXTI4_IRQHandler)
    EXTI9_5_IRQHandler                       0x080009d9   Thumb Code     4  exti.o(i.EXTI9_5_IRQHandler)
    EXTIInit                                 0x080009dd   Thumb Code    32  exti.o(i.EXTIInit)
    EXTI_IRQHandler                          0x08000a05   Thumb Code    56  exti.o(i.EXTI_IRQHandler)
    EnableGPIOClk                            0x08000a45   Thumb Code   110  main.o(i.EnableGPIOClk)
    GPIO_Init                                0x08000ad9   Thumb Code   162  stm32f4xx_gpio.o(i.GPIO_Init)
    GPIO_PinAFConfig                         0x08000b7b   Thumb Code    32  stm32f4xx_gpio.o(i.GPIO_PinAFConfig)
    GPIO_StructInit                          0x08000b9b   Thumb Code    18  stm32f4xx_gpio.o(i.GPIO_StructInit)
    IOConfigGPIO                             0x08000bad   Thumb Code    68  io.o(i.IOConfigGPIO)
    IOConfigGPIOAF                           0x08000bf5   Thumb Code    86  io.o(i.IOConfigGPIOAF)
    IOGetByTag                               0x08000c51   Thumb Code    98  io.o(i.IOGetByTag)
    IOGlobalInit                             0x08000cbd   Thumb Code    52  io.o(i.IOGlobalInit)
    IOHi                                     0x08000cfd   Thumb Code    12  io.o(i.IOHi)
    IOInit                                   0x08000d09   Thumb Code     6  io.o(i.IOInit)
    IOWrite                                  0x08000d0f   Thumb Code    18  io.o(i.IOWrite)
    IO_GPIOPinIdx                            0x08000d21   Thumb Code    20  io.o(i.IO_GPIOPinIdx)
    IO_GPIOPortIdx                           0x08000d35   Thumb Code    18  io.o(i.IO_GPIOPortIdx)
    IO_GPIO_PinSource                        0x08000d4d   Thumb Code     4  io.o(i.IO_GPIO_PinSource)
    LedInit                                  0x08000d51   Thumb Code   128  led.o(i.LedInit)
    LedSet                                   0x08000dd9   Thumb Code    32  led.o(i.LedSet)
    NVIC_Init                                0x08000e01   Thumb Code    96  misc.o(i.NVIC_Init)
    NVIC_PriorityGroupConfig                 0x08000e65   Thumb Code    10  misc.o(i.NVIC_PriorityGroupConfig)
    RCC_AHB1PeriphClockCmd                   0x08000e79   Thumb Code    18  stm32f4xx_rcc.o(i.RCC_AHB1PeriphClockCmd)
    RCC_AHB1PeriphResetCmd                   0x08000e91   Thumb Code    18  stm32f4xx_rcc.o(i.RCC_AHB1PeriphResetCmd)
    RCC_AHB2PeriphClockCmd                   0x08000ea9   Thumb Code    18  stm32f4xx_rcc.o(i.RCC_AHB2PeriphClockCmd)
    RCC_APB1PeriphClockCmd                   0x08000ec1   Thumb Code    18  stm32f4xx_rcc.o(i.RCC_APB1PeriphClockCmd)
    RCC_APB1PeriphResetCmd                   0x08000ed9   Thumb Code    18  stm32f4xx_rcc.o(i.RCC_APB1PeriphResetCmd)
    RCC_APB2PeriphClockCmd                   0x08000ef1   Thumb Code    18  stm32f4xx_rcc.o(i.RCC_APB2PeriphClockCmd)
    RCC_APB2PeriphResetCmd                   0x08000f09   Thumb Code    18  stm32f4xx_rcc.o(i.RCC_APB2PeriphResetCmd)
    RCC_ClearFlag                            0x08000f21   Thumb Code    12  stm32f4xx_rcc.o(i.RCC_ClearFlag)
    RCC_ClockCmd                             0x08000f31   Thumb Code    36  rcc.o(i.RCC_ClockCmd)
    RCC_GetClocksFreq                        0x08000f55   Thumb Code   132  stm32f4xx_rcc.o(i.RCC_GetClocksFreq)
    RCC_ResetCmd                             0x08000fe5   Thumb Code    36  rcc.o(i.RCC_ResetCmd)
    ResetLedStatusConfig                     0x08001009   Thumb Code    32  config.o(i.ResetLedStatusConfig)
    ResetLedTimerConfig                      0x08001029   Thumb Code    40  config.o(i.ResetLedTimerConfig)
    ResetMotorConfig                         0x08001055   Thumb Code    74  config.o(i.ResetMotorConfig)
    ResetSerialConfig                        0x080010a5   Thumb Code    54  config.o(i.ResetSerialConfig)
    ResetSerialPinConfig                     0x080010e1   Thumb Code    94  config.o(i.ResetSerialPinConfig)
    SPI_Cmd                                  0x08001145   Thumb Code    20  stm32f4xx_spi.o(i.SPI_Cmd)
    SPI_I2S_DeInit                           0x08001159   Thumb Code   108  stm32f4xx_spi.o(i.SPI_I2S_DeInit)
    SPI_Init                                 0x080011dd   Thumb Code    56  stm32f4xx_spi.o(i.SPI_Init)
    SetSysClock                              0x08001215   Thumb Code   162  system_stm32f4xx.o(i.SetSysClock)
    SysTick_Handler                          0x080012c9   Thumb Code    30  system.o(i.SysTick_Handler)
    SysTick_Init                             0x080012ed   Thumb Code    24  system.o(i.SysTick_Init)
    SystemInit                               0x08001311   Thumb Code    74  system_stm32f4xx.o(i.SystemInit)
    TIM1_CC_IRQHandler                       0x0800136d   Thumb Code     8  timer.o(i.TIM1_CC_IRQHandler)
    TIM2_IRQHandler                          0x0800137d   Thumb Code    10  timer.o(i.TIM2_IRQHandler)
    TIM3_IRQHandler                          0x0800138d   Thumb Code     8  timer.o(i.TIM3_IRQHandler)
    TIM4_IRQHandler                          0x0800139d   Thumb Code     8  timer.o(i.TIM4_IRQHandler)
    TIM5_IRQHandler                          0x080013ad   Thumb Code     8  timer.o(i.TIM5_IRQHandler)
    TIM_Cmd                                  0x080013bd   Thumb Code    20  stm32f4xx_tim.o(i.TIM_Cmd)
    TIM_CtrlPWMOutputs                       0x080013d1   Thumb Code    22  stm32f4xx_tim.o(i.TIM_CtrlPWMOutputs)
    TIM_OC1Init                              0x080013e9   Thumb Code    88  stm32f4xx_tim.o(i.TIM_OC1Init)
    TIM_OC1PreloadConfig                     0x08001449   Thumb Code    12  stm32f4xx_tim.o(i.TIM_OC1PreloadConfig)
    TIM_OC2Init                              0x08001455   Thumb Code   120  stm32f4xx_tim.o(i.TIM_OC2Init)
    TIM_OC2PreloadConfig                     0x080014d5   Thumb Code    20  stm32f4xx_tim.o(i.TIM_OC2PreloadConfig)
    TIM_OC3Init                              0x080014e9   Thumb Code   116  stm32f4xx_tim.o(i.TIM_OC3Init)
    TIM_OC3PreloadConfig                     0x08001565   Thumb Code    12  stm32f4xx_tim.o(i.TIM_OC3PreloadConfig)
    TIM_OC4Init                              0x08001571   Thumb Code    88  stm32f4xx_tim.o(i.TIM_OC4Init)
    TIM_OC4PreloadConfig                     0x080015d1   Thumb Code    20  stm32f4xx_tim.o(i.TIM_OC4PreloadConfig)
    TIM_OCStructInit                         0x080015e5   Thumb Code    20  stm32f4xx_tim.o(i.TIM_OCStructInit)
    TIM_TimeBaseInit                         0x080015f9   Thumb Code    96  stm32f4xx_tim.o(i.TIM_TimeBaseInit)
    TIM_TimeBaseStructInit                   0x08001675   Thumb Code    18  stm32f4xx_tim.o(i.TIM_TimeBaseStructInit)
    USART1_IRQHandler                        0x08001689   Thumb Code    10  serial_uart_stm32f4xx.o(i.USART1_IRQHandler)
    USART3_IRQHandler                        0x08001699   Thumb Code    10  serial_uart_stm32f4xx.o(i.USART3_IRQHandler)
    USART6_IRQHandler                        0x080016a9   Thumb Code    10  serial_uart_stm32f4xx.o(i.USART6_IRQHandler)
    USART_ClearITPendingBit                  0x080016b9   Thumb Code    12  stm32f4xx_usart.o(i.USART_ClearITPendingBit)
    USART_Cmd                                0x080016c5   Thumb Code    20  stm32f4xx_usart.o(i.USART_Cmd)
    USART_DMACmd                             0x080016d9   Thumb Code    16  stm32f4xx_usart.o(i.USART_DMACmd)
    USART_GetITStatus                        0x080016e9   Thumb Code    62  stm32f4xx_usart.o(i.USART_GetITStatus)
    USART_HalfDuplexCmd                      0x08001727   Thumb Code    20  stm32f4xx_usart.o(i.USART_HalfDuplexCmd)
    USART_ITConfig                           0x0800173b   Thumb Code    48  stm32f4xx_usart.o(i.USART_ITConfig)
    USART_Init                               0x0800176d   Thumb Code   164  stm32f4xx_usart.o(i.USART_Init)
    USART_SendData                           0x08001819   Thumb Code     8  stm32f4xx_usart.o(i.USART_SendData)
    activateConfig                           0x08001821   Thumb Code    14  config.o(i.activateConfig)
    calculateRxChannelsAndUpdateFailsafe     0x08001899   Thumb Code    48  rx.o(i.calculateRxChannelsAndUpdateFailsafe)
    configTimeBaseKhz                        0x080018cd   Thumb Code    70  timer.o(i.configTimeBaseKhz)
    delay                                    0x08001929   Thumb Code    22  system.o(i.delay)
    delayMicroseconds                        0x08001941   Thumb Code    24  system.o(i.delayMicroseconds)
    feature                                  0x08001a69   Thumb Code    16  feature.o(i.feature)
    featureClear                             0x08001a7d   Thumb Code    10  feature.o(i.featureClear)
    featureConfigured                        0x08001a8d   Thumb Code    16  feature.o(i.featureConfigured)
    featureSet                               0x08001aa1   Thumb Code    10  feature.o(i.featureSet)
    findNextSerialPortConfig                 0x08001ab1   Thumb Code    36  serial.o(i.findNextSerialPortConfig)
    findSerialPortConfig                     0x08001ad9   Thumb Code    10  serial.o(i.findSerialPortConfig)
    findSerialPortIndexByIdentifier          0x08001ae9   Thumb Code    24  serial.o(i.findSerialPortIndexByIdentifier)
    findSerialPortUsageByIdentifier          0x08001b05   Thumb Code    36  serial.o(i.findSerialPortUsageByIdentifier)
    fputc                                    0x08001b2d   Thumb Code    14  main.o(i.fputc)
    intFeatureClearAll                       0x08001b69   Thumb Code     6  feature.o(i.intFeatureClearAll)
    intFeatureSet                            0x08001b6f   Thumb Code     8  feature.o(i.intFeatureSet)
    isModeActivationConditionPresent         0x08001b77   Thumb Code    38  rc_controls.o(i.isModeActivationConditionPresent)
    isUartTransmitBufferEmpty                0x08001b9d   Thumb Code    26  serial_uart.o(i.isUartTransmitBufferEmpty)
    latchActiveFeatures                      0x08001bb9   Thumb Code    10  feature.o(i.latchActiveFeatures)
    ledTimerInit                             0x08001bcd   Thumb Code   176  pwm_output.o(i.ledTimerInit)
    main                                     0x08001c8d   Thumb Code   178  main.o(i.main)
    micros                                   0x08001d49   Thumb Code    74  system.o(i.micros)
    microsISR                                0x08001d9d   Thumb Code    72  system.o(i.microsISR)
    millis                                   0x08001de9   Thumb Code     6  system.o(i.millis)
    openSerialPort                           0x08001dfd   Thumb Code    94  serial.o(i.openSerialPort)
    parseRcChannels                          0x08001e69   Thumb Code    50  rx.o(i.parseRcChannels)
    processRx                                0x08001ea1   Thumb Code     4  fc_core.o(i.processRx)
    pwmWriteLed                              0x08001f09   Thumb Code     6  pwm_output.o(i.pwmWriteLed)
    readEEPROM                               0x08001f2b   Thumb Code    14  config_eeprom.o(i.readEEPROM)
    resetAllRxChannelRangeConfigurations     0x08002159   Thumb Code    24  rx.o(i.resetAllRxChannelRangeConfigurations)
    rxInit                                   0x08002171   Thumb Code   180  rx.o(i.rxInit)
    rxSerial3TestInit                        0x08002249   Thumb Code    40  rxserial3test.o(i.rxSerial3TestInit)
    rxSerial3TestWrite                       0x08002275   Thumb Code    10  rxserial3test.o(i.rxSerial3TestWrite)
    rxUpdateCheck                            0x08002285   Thumb Code    76  rx.o(i.rxUpdateCheck)
    sbusInit                                 0x08002401   Thumb Code   104  sbus.o(i.sbusInit)
    scaleRange                               0x08002499   Thumb Code    24  maths.o(i.scaleRange)
    serialInit                               0x080024b1   Thumb Code    38  serial.o(i.serialInit)
    serialRxInit                             0x080024e5   Thumb Code    18  rx.o(i.serialRxInit)
    serialUART                               0x080024f9   Thumb Code   264  serial_uart_stm32f4xx.o(i.serialUART)
    serialUART1                              0x08002609   Thumb Code    12  serial_uart_stm32f4xx.o(i.serialUART1)
    serialUART3                              0x08002615   Thumb Code    12  serial_uart_stm32f4xx.o(i.serialUART3)
    serialUART6                              0x08002621   Thumb Code    12  serial_uart_stm32f4xx.o(i.serialUART6)
    serialWrite                              0x0800262d   Thumb Code     6  serial.o(i.serialWrite)
    spiInit                                  0x08002633   Thumb Code    26  bus_spi.o(i.spiInit)
    spiInitDevice                            0x0800264d   Thumb Code   258  bus_spi.o(i.spiInitDevice)
    systemInit                               0x08002765   Thumb Code    70  main.o(i.systemInit)
    targetConfiguration                      0x080027b5   Thumb Code    54  config.o(i.targetConfiguration)
    timerChCCR                               0x08002865   Thumb Code    10  timer.o(i.timerChCCR)
    timerClockDivisor                        0x08002871   Thumb Code    38  timer_stm32f4xx.o(i.timerClockDivisor)
    timerGetByTag                            0x080028ad   Thumb Code    54  timer.o(i.timerGetByTag)
    timerInit                                0x080028e9   Thumb Code   120  timer.o(i.timerInit)
    timerOCInit                              0x0800296d   Thumb Code    40  timer.o(i.timerOCInit)
    timerOCPreloadConfig                     0x08002995   Thumb Code    40  timer.o(i.timerOCPreloadConfig)
    timerRCC                                 0x080029bd   Thumb Code    30  timer.o(i.timerRCC)
    uartIrqHandler                           0x080029e1   Thumb Code   150  serial_uart_stm32f4xx.o(i.uartIrqHandler)
    uartOpen                                 0x08002a79   Thumb Code   360  serial_uart.o(i.uartOpen)
    uartRead                                 0x08002bed   Thumb Code    44  serial_uart.o(i.uartRead)
    uartSetBaudRate                          0x08002ca5   Thumb Code     6  serial_uart.o(i.uartSetBaudRate)
    uartSetMode                              0x08002cab   Thumb Code     6  serial_uart.o(i.uartSetMode)
    uartStartTxDMA                           0x08002cb1   Thumb Code    74  serial_uart.o(i.uartStartTxDMA)
    uartTotalRxBytesWaiting                  0x08002cfb   Thumb Code    24  serial_uart.o(i.uartTotalRxBytesWaiting)
    uartTotalTxBytesFree                     0x08002d13   Thumb Code    38  serial_uart.o(i.uartTotalTxBytesFree)
    uartWrite                                0x08002d39   Thumb Code    48  serial_uart.o(i.uartWrite)
    useRcControlsConfig                      0x08002d69   Thumb Code    22  rc_controls.o(i.useRcControlsConfig)
    validateAndFixConfig                     0x08002d85   Thumb Code    64  config.o(i.validateAndFixConfig)
    validateAndFixGyroConfig                 0x08002dc5   Thumb Code    38  config.o(i.validateAndFixGyroConfig)
    _fp_init                                 0x08002df1   Thumb Code    10  fpinit.o(x$fpl$fpinit)
    __fplib_config_fpu_vfp                   0x08002df9   Thumb Code     0  fpinit.o(x$fpl$fpinit)
    __fplib_config_pureend_doubles           0x08002df9   Thumb Code     0  fpinit.o(x$fpl$fpinit)
    timerHardware                            0x08002dfc   Data         168  target.o(.constdata)
    ioPortDefs                               0x08002ec3   Data           6  io.o(.constdata)
    serialPortIdentifiers                    0x08002ed4   Data           3  serial.o(.constdata)
    uartVTable                               0x08002ed8   Data          40  serial_uart.o(.constdata)
    timerDefinitions                         0x08002f00   Data         112  timer_stm32f4xx.o(.constdata)
    rcChannelLetters                         0x08002f77   Data          21  rx.o(.constdata)
    Region$$Table$$Base                      0x08002f8c   Number         0  anon$$obj.o(Region$$Table)
    Region$$Table$$Limit                     0x08002fac   Number         0  anon$$obj.o(Region$$Table)
    systemState                              0x20000010   Data           1  main.o(.data)
    TIM_ARR                                  0x20000014   Data           4  main.o(.data)
    ledDutyCycle                             0x20000018   Data           8  main.o(.data)
    __stdout                                 0x20000020   Data           4  main.o(.data)
    SystemCoreClock                          0x20000024   Data           4  system_stm32f4xx.o(.data)
    AHBPrescTable                            0x20000028   Data          16  system_stm32f4xx.o(.data)
    sysTickUptime                            0x2000003c   Data           4  system.o(.data)
    pwmMotorsEnabled                         0x2000005c   Data           1  pwm_output.o(.data)
    timerInfo                                0x20000dfc   Data           6  timer.o(.data)
    currentProfile                           0x20000e04   Data           4  config.o(.data)
    clocks                                   0x20000e40   Data          16  system.o(.bss)
    extiChannelRecs                          0x20000e50   Data          64  exti.o(.bss)
    ioRecs                                   0x20000e90   Data         640  io.o(.bss)
    timerConfig                              0x20001284   Data         240  timer.o(.bss)
    timerChannelInfo                         0x20001374   Data          14  timer.o(.bss)
    masterConfig                             0x20001384   Data         308  config.o(.bss)
    rxRuntimeConfig                          0x200014f8   Data          12  rx.o(.bss)
    rcRaw                                    0x20001504   Data          36  rx.o(.bss)
    rcData                                   0x20001528   Data          36  rx.o(.bss)
    rcInvalidPulsPeriod                      0x2000154c   Data          72  rx.o(.bss)
    __libspace_start                         0x200015f8   Data          96  libspace.o(.bss)
    __temporary_stack_top$libspace           0x20001658   Data           0  libspace.o(.bss)



==============================================================================

Memory Map of the image

  Image Entry point : 0x08000189

  Load Region LR_IROM1 (Base: 0x08000000, Size: 0x00003dec, Max: 0x00100000, ABSOLUTE, COMPRESSED[0x00003030])

    Execution Region ER_IROM1 (Exec base: 0x08000000, Load base: 0x08000000, Size: 0x00002fac, Max: 0x00100000, ABSOLUTE)

    Exec Addr    Load Addr    Size         Type   Attr      Idx    E Section Name        Object

    0x08000000   0x08000000   0x00000188   Data   RO            3    RESET               startup_stm32f407xx.o
    0x08000188   0x08000188   0x00000008   Code   RO         5537  * !!!main             c_w.l(__main.o)
    0x08000190   0x08000190   0x00000034   Code   RO         5877    !!!scatter          c_w.l(__scatter.o)
    0x080001c4   0x080001c4   0x0000005a   Code   RO         5875    !!dczerorl2         c_w.l(__dczerorl2.o)
    0x0800021e   0x0800021e   0x00000002   PAD
    0x08000220   0x08000220   0x0000001c   Code   RO         5879    !!handler_zi        c_w.l(__scatter_zi.o)
    0x0800023c   0x0800023c   0x00000000   Code   RO         5519    .ARM.Collect$$_printf_percent$$00000000  c_w.l(_printf_percent.o)
    0x0800023c   0x0800023c   0x00000006   Code   RO         5516    .ARM.Collect$$_printf_percent$$00000009  c_w.l(_printf_d.o)
    0x08000242   0x08000242   0x00000006   Code   RO         5517    .ARM.Collect$$_printf_percent$$0000000A  c_w.l(_printf_u.o)
    0x08000248   0x08000248   0x00000006   Code   RO         5514    .ARM.Collect$$_printf_percent$$00000014  c_w.l(_printf_s.o)
    0x0800024e   0x0800024e   0x00000004   Code   RO         5636    .ARM.Collect$$_printf_percent$$00000017  c_w.l(_printf_percent_end.o)
    0x08000252   0x08000252   0x00000002   Code   RO         5801    .ARM.Collect$$libinit$$00000000  c_w.l(libinit.o)
    0x08000254   0x08000254   0x00000004   Code   RO         5637    .ARM.Collect$$libinit$$00000001  c_w.l(libinit2.o)
    0x08000258   0x08000258   0x00000000   Code   RO         5640    .ARM.Collect$$libinit$$00000004  c_w.l(libinit2.o)
    0x08000258   0x08000258   0x00000000   Code   RO         5643    .ARM.Collect$$libinit$$0000000A  c_w.l(libinit2.o)
    0x08000258   0x08000258   0x00000000   Code   RO         5645    .ARM.Collect$$libinit$$0000000C  c_w.l(libinit2.o)
    0x08000258   0x08000258   0x00000000   Code   RO         5647    .ARM.Collect$$libinit$$0000000E  c_w.l(libinit2.o)
    0x08000258   0x08000258   0x00000000   Code   RO         5650    .ARM.Collect$$libinit$$00000011  c_w.l(libinit2.o)
    0x08000258   0x08000258   0x00000000   Code   RO         5652    .ARM.Collect$$libinit$$00000013  c_w.l(libinit2.o)
    0x08000258   0x08000258   0x00000000   Code   RO         5654    .ARM.Collect$$libinit$$00000015  c_w.l(libinit2.o)
    0x08000258   0x08000258   0x00000000   Code   RO         5656    .ARM.Collect$$libinit$$00000017  c_w.l(libinit2.o)
    0x08000258   0x08000258   0x00000000   Code   RO         5658    .ARM.Collect$$libinit$$00000019  c_w.l(libinit2.o)
    0x08000258   0x08000258   0x00000000   Code   RO         5660    .ARM.Collect$$libinit$$0000001B  c_w.l(libinit2.o)
    0x08000258   0x08000258   0x00000000   Code   RO         5662    .ARM.Collect$$libinit$$0000001D  c_w.l(libinit2.o)
    0x08000258   0x08000258   0x00000000   Code   RO         5664    .ARM.Collect$$libinit$$0000001F  c_w.l(libinit2.o)
    0x08000258   0x08000258   0x00000000   Code   RO         5666    .ARM.Collect$$libinit$$00000021  c_w.l(libinit2.o)
    0x08000258   0x08000258   0x00000000   Code   RO         5668    .ARM.Collect$$libinit$$00000023  c_w.l(libinit2.o)
    0x08000258   0x08000258   0x00000000   Code   RO         5670    .ARM.Collect$$libinit$$00000025  c_w.l(libinit2.o)
    0x08000258   0x08000258   0x00000000   Code   RO         5674    .ARM.Collect$$libinit$$0000002C  c_w.l(libinit2.o)
    0x08000258   0x08000258   0x00000000   Code   RO         5676    .ARM.Collect$$libinit$$0000002E  c_w.l(libinit2.o)
    0x08000258   0x08000258   0x00000000   Code   RO         5678    .ARM.Collect$$libinit$$00000030  c_w.l(libinit2.o)
    0x08000258   0x08000258   0x00000000   Code   RO         5680    .ARM.Collect$$libinit$$00000032  c_w.l(libinit2.o)
    0x08000258   0x08000258   0x00000002   Code   RO         5681    .ARM.Collect$$libinit$$00000033  c_w.l(libinit2.o)
    0x0800025a   0x0800025a   0x00000002   Code   RO         5836    .ARM.Collect$$libshutdown$$00000000  c_w.l(libshutdown.o)
    0x0800025c   0x0800025c   0x00000000   Code   RO         5842    .ARM.Collect$$libshutdown$$00000002  c_w.l(libshutdown2.o)
    0x0800025c   0x0800025c   0x00000000   Code   RO         5844    .ARM.Collect$$libshutdown$$00000004  c_w.l(libshutdown2.o)
    0x0800025c   0x0800025c   0x00000000   Code   RO         5847    .ARM.Collect$$libshutdown$$00000007  c_w.l(libshutdown2.o)
    0x0800025c   0x0800025c   0x00000000   Code   RO         5850    .ARM.Collect$$libshutdown$$0000000A  c_w.l(libshutdown2.o)
    0x0800025c   0x0800025c   0x00000000   Code   RO         5852    .ARM.Collect$$libshutdown$$0000000C  c_w.l(libshutdown2.o)
    0x0800025c   0x0800025c   0x00000000   Code   RO         5855    .ARM.Collect$$libshutdown$$0000000F  c_w.l(libshutdown2.o)
    0x0800025c   0x0800025c   0x00000002   Code   RO         5856    .ARM.Collect$$libshutdown$$00000010  c_w.l(libshutdown2.o)
    0x0800025e   0x0800025e   0x00000000   Code   RO         5625    .ARM.Collect$$rtentry$$00000000  c_w.l(__rtentry.o)
    0x0800025e   0x0800025e   0x00000000   Code   RO         5713    .ARM.Collect$$rtentry$$00000002  c_w.l(__rtentry2.o)
    0x0800025e   0x0800025e   0x00000006   Code   RO         5725    .ARM.Collect$$rtentry$$00000004  c_w.l(__rtentry4.o)
    0x08000264   0x08000264   0x00000000   Code   RO         5715    .ARM.Collect$$rtentry$$00000009  c_w.l(__rtentry2.o)
    0x08000264   0x08000264   0x00000004   Code   RO         5716    .ARM.Collect$$rtentry$$0000000A  c_w.l(__rtentry2.o)
    0x08000268   0x08000268   0x00000000   Code   RO         5718    .ARM.Collect$$rtentry$$0000000C  c_w.l(__rtentry2.o)
    0x08000268   0x08000268   0x00000008   Code   RO         5719    .ARM.Collect$$rtentry$$0000000D  c_w.l(__rtentry2.o)
    0x08000270   0x08000270   0x00000002   Code   RO         5804    .ARM.Collect$$rtexit$$00000000  c_w.l(rtexit.o)
    0x08000272   0x08000272   0x00000000   Code   RO         5816    .ARM.Collect$$rtexit$$00000002  c_w.l(rtexit2.o)
    0x08000272   0x08000272   0x00000004   Code   RO         5817    .ARM.Collect$$rtexit$$00000003  c_w.l(rtexit2.o)
    0x08000276   0x08000276   0x00000006   Code   RO         5818    .ARM.Collect$$rtexit$$00000004  c_w.l(rtexit2.o)
    0x0800027c   0x0800027c   0x00000040   Code   RO            4    .text               startup_stm32f407xx.o
    0x080002bc   0x080002bc   0x00000018   Code   RO         5465    .text               c_w.l(noretval__2printf.o)
    0x080002d4   0x080002d4   0x00000068   Code   RO         5467    .text               c_w.l(__printf.o)
    0x0800033c   0x0800033c   0x00000052   Code   RO         5469    .text               c_w.l(_printf_str.o)
    0x0800038e   0x0800038e   0x00000002   PAD
    0x08000390   0x08000390   0x00000078   Code   RO         5471    .text               c_w.l(_printf_dec.o)
    0x08000408   0x08000408   0x00000014   Code   RO         5525    .text               c_w.l(strchr.o)
    0x0800041c   0x0800041c   0x00000010   Code   RO         5529    .text               c_w.l(aeabi_memset.o)
    0x0800042c   0x0800042c   0x00000044   Code   RO         5531    .text               c_w.l(rt_memclr.o)
    0x08000470   0x08000470   0x0000004e   Code   RO         5533    .text               c_w.l(rt_memclr_w.o)
    0x080004be   0x080004be   0x00000006   Code   RO         5535    .text               c_w.l(heapauxi.o)
    0x080004c4   0x080004c4   0x000000b2   Code   RO         5628    .text               c_w.l(_printf_intcommon.o)
    0x08000576   0x08000576   0x0000002c   Code   RO         5632    .text               c_w.l(_printf_char.o)
    0x080005a2   0x080005a2   0x00000002   PAD
    0x080005a4   0x080005a4   0x00000024   Code   RO         5634    .text               c_w.l(_printf_char_file.o)
    0x080005c8   0x080005c8   0x00000030   Code   RO         5739    .text               c_w.l(_printf_char_common.o)
    0x080005f8   0x080005f8   0x00000008   Code   RO         5768    .text               c_w.l(ferror.o)
    0x08000600   0x08000600   0x00000008   Code   RO         5781    .text               c_w.l(libspace.o)
    0x08000608   0x08000608   0x0000004a   Code   RO         5784    .text               c_w.l(sys_stackheap_outer.o)
    0x08000652   0x08000652   0x00000012   Code   RO         5788    .text               c_w.l(exit.o)
    0x08000664   0x08000664   0x00000002   Code   RO         5812    .text               c_w.l(use_no_semi.o)
    0x08000666   0x08000666   0x00000000   Code   RO         5814    .text               c_w.l(indicate_semi.o)
    0x08000666   0x08000666   0x00000002   PAD
    0x08000668   0x08000668   0x0000000c   Code   RO         5828    .text               c_w.l(sys_exit.o)
    0x08000674   0x08000674   0x0000000c   Code   RO         4603    i.CheckEEPROMContainsValidData  config.o
    0x08000680   0x08000680   0x00000150   Code   RO         4604    i.CreateDefaultConfig  config.o
    0x080007d0   0x080007d0   0x00000014   Code   RO          117    i.DMA_Cmd           stm32f4xx_dma.o
    0x080007e4   0x080007e4   0x00000124   Code   RO          118    i.DMA_DeInit        stm32f4xx_dma.o
    0x08000908   0x08000908   0x00000006   Code   RO          123    i.DMA_GetCurrDataCounter  stm32f4xx_dma.o
    0x0800090e   0x0800090e   0x0000002c   Code   RO          128    i.DMA_ITConfig      stm32f4xx_dma.o
    0x0800093a   0x0800093a   0x00000002   PAD
    0x0800093c   0x0800093c   0x00000054   Code   RO          129    i.DMA_Init          stm32f4xx_dma.o
    0x08000990   0x08000990   0x0000000a   Code   RO          130    i.DMA_MemoryTargetConfig  stm32f4xx_dma.o
    0x0800099a   0x0800099a   0x00000004   Code   RO          132    i.DMA_SetCurrDataCounter  stm32f4xx_dma.o
    0x0800099e   0x0800099e   0x00000022   Code   RO          133    i.DMA_StructInit    stm32f4xx_dma.o
    0x080009c0   0x080009c0   0x00000004   Code   RO         3234    i.EXTI0_IRQHandler  exti.o
    0x080009c4   0x080009c4   0x00000004   Code   RO         3235    i.EXTI15_10_IRQHandler  exti.o
    0x080009c8   0x080009c8   0x00000004   Code   RO         3236    i.EXTI1_IRQHandler  exti.o
    0x080009cc   0x080009cc   0x00000004   Code   RO         3237    i.EXTI2_IRQHandler  exti.o
    0x080009d0   0x080009d0   0x00000004   Code   RO         3238    i.EXTI3_IRQHandler  exti.o
    0x080009d4   0x080009d4   0x00000004   Code   RO         3239    i.EXTI4_IRQHandler  exti.o
    0x080009d8   0x080009d8   0x00000004   Code   RO         3240    i.EXTI9_5_IRQHandler  exti.o
    0x080009dc   0x080009dc   0x00000028   Code   RO         3244    i.EXTIInit          exti.o
    0x08000a04   0x08000a04   0x00000040   Code   RO         3246    i.EXTI_IRQHandler   exti.o
    0x08000a44   0x08000a44   0x00000094   Code   RO         2333    i.EnableGPIOClk     main.o
    0x08000ad8   0x08000ad8   0x000000a2   Code   RO          572    i.GPIO_Init         stm32f4xx_gpio.o
    0x08000b7a   0x08000b7a   0x00000020   Code   RO          573    i.GPIO_PinAFConfig  stm32f4xx_gpio.o
    0x08000b9a   0x08000b9a   0x00000012   Code   RO          581    i.GPIO_StructInit   stm32f4xx_gpio.o
    0x08000bac   0x08000bac   0x00000048   Code   RO         3422    i.IOConfigGPIO      io.o
    0x08000bf4   0x08000bf4   0x0000005c   Code   RO         3423    i.IOConfigGPIOAF    io.o
    0x08000c50   0x08000c50   0x0000006c   Code   RO         3424    i.IOGetByTag        io.o
    0x08000cbc   0x08000cbc   0x00000040   Code   RO         3425    i.IOGlobalInit      io.o
    0x08000cfc   0x08000cfc   0x0000000c   Code   RO         3426    i.IOHi              io.o
    0x08000d08   0x08000d08   0x00000006   Code   RO         3427    i.IOInit            io.o
    0x08000d0e   0x08000d0e   0x00000012   Code   RO         3432    i.IOWrite           io.o
    0x08000d20   0x08000d20   0x00000014   Code   RO         3437    i.IO_GPIOPinIdx     io.o
    0x08000d34   0x08000d34   0x00000018   Code   RO         3438    i.IO_GPIOPortIdx    io.o
    0x08000d4c   0x08000d4c   0x00000004   Code   RO         3439    i.IO_GPIO_PinSource  io.o
    0x08000d50   0x08000d50   0x00000088   Code   RO         3562    i.LedInit           led.o
    0x08000dd8   0x08000dd8   0x00000028   Code   RO         3563    i.LedSet            led.o
    0x08000e00   0x08000e00   0x00000064   Code   RO           13    i.NVIC_Init         misc.o
    0x08000e64   0x08000e64   0x00000014   Code   RO           14    i.NVIC_PriorityGroupConfig  misc.o
    0x08000e78   0x08000e78   0x00000018   Code   RO          787    i.RCC_AHB1PeriphClockCmd  stm32f4xx_rcc.o
    0x08000e90   0x08000e90   0x00000018   Code   RO          789    i.RCC_AHB1PeriphResetCmd  stm32f4xx_rcc.o
    0x08000ea8   0x08000ea8   0x00000018   Code   RO          790    i.RCC_AHB2PeriphClockCmd  stm32f4xx_rcc.o
    0x08000ec0   0x08000ec0   0x00000018   Code   RO          796    i.RCC_APB1PeriphClockCmd  stm32f4xx_rcc.o
    0x08000ed8   0x08000ed8   0x00000018   Code   RO          798    i.RCC_APB1PeriphResetCmd  stm32f4xx_rcc.o
    0x08000ef0   0x08000ef0   0x00000018   Code   RO          799    i.RCC_APB2PeriphClockCmd  stm32f4xx_rcc.o
    0x08000f08   0x08000f08   0x00000018   Code   RO          801    i.RCC_APB2PeriphResetCmd  stm32f4xx_rcc.o
    0x08000f20   0x08000f20   0x00000010   Code   RO          804    i.RCC_ClearFlag     stm32f4xx_rcc.o
    0x08000f30   0x08000f30   0x00000024   Code   RO         3834    i.RCC_ClockCmd      rcc.o
    0x08000f54   0x08000f54   0x00000090   Code   RO          808    i.RCC_GetClocksFreq  stm32f4xx_rcc.o
    0x08000fe4   0x08000fe4   0x00000024   Code   RO         3835    i.RCC_ResetCmd      rcc.o
    0x08001008   0x08001008   0x00000020   Code   RO         4606    i.ResetLedStatusConfig  config.o
    0x08001028   0x08001028   0x0000002c   Code   RO         4607    i.ResetLedTimerConfig  config.o
    0x08001054   0x08001054   0x00000050   Code   RO         4608    i.ResetMotorConfig  config.o
    0x080010a4   0x080010a4   0x0000003c   Code   RO         4609    i.ResetSerialConfig  config.o
    0x080010e0   0x080010e0   0x00000064   Code   RO         4610    i.ResetSerialPinConfig  config.o
    0x08001144   0x08001144   0x00000014   Code   RO         1131    i.SPI_Cmd           stm32f4xx_spi.o
    0x08001158   0x08001158   0x00000084   Code   RO         1138    i.SPI_I2S_DeInit    stm32f4xx_spi.o
    0x080011dc   0x080011dc   0x00000038   Code   RO         1144    i.SPI_Init          stm32f4xx_spi.o
    0x08001214   0x08001214   0x000000b4   Code   RO         2574    i.SetSysClock       system_stm32f4xx.o
    0x080012c8   0x080012c8   0x00000024   Code   RO         2617    i.SysTick_Handler   system.o
    0x080012ec   0x080012ec   0x00000024   Code   RO         2618    i.SysTick_Init      system.o
    0x08001310   0x08001310   0x0000005c   Code   RO         2576    i.SystemInit        system_stm32f4xx.o
    0x0800136c   0x0800136c   0x00000010   Code   RO         4319    i.TIM1_CC_IRQHandler  timer.o
    0x0800137c   0x0800137c   0x00000010   Code   RO         4320    i.TIM2_IRQHandler   timer.o
    0x0800138c   0x0800138c   0x00000010   Code   RO         4321    i.TIM3_IRQHandler   timer.o
    0x0800139c   0x0800139c   0x00000010   Code   RO         4322    i.TIM4_IRQHandler   timer.o
    0x080013ac   0x080013ac   0x00000010   Code   RO         4323    i.TIM5_IRQHandler   timer.o
    0x080013bc   0x080013bc   0x00000014   Code   RO         1370    i.TIM_Cmd           stm32f4xx_tim.o
    0x080013d0   0x080013d0   0x00000016   Code   RO         1372    i.TIM_CtrlPWMOutputs  stm32f4xx_tim.o
    0x080013e6   0x080013e6   0x00000002   PAD
    0x080013e8   0x080013e8   0x00000060   Code   RO         1399    i.TIM_OC1Init       stm32f4xx_tim.o
    0x08001448   0x08001448   0x0000000c   Code   RO         1402    i.TIM_OC1PreloadConfig  stm32f4xx_tim.o
    0x08001454   0x08001454   0x00000080   Code   RO         1404    i.TIM_OC2Init       stm32f4xx_tim.o
    0x080014d4   0x080014d4   0x00000014   Code   RO         1407    i.TIM_OC2PreloadConfig  stm32f4xx_tim.o
    0x080014e8   0x080014e8   0x0000007c   Code   RO         1409    i.TIM_OC3Init       stm32f4xx_tim.o
    0x08001564   0x08001564   0x0000000c   Code   RO         1412    i.TIM_OC3PreloadConfig  stm32f4xx_tim.o
    0x08001570   0x08001570   0x00000060   Code   RO         1414    i.TIM_OC4Init       stm32f4xx_tim.o
    0x080015d0   0x080015d0   0x00000014   Code   RO         1416    i.TIM_OC4PreloadConfig  stm32f4xx_tim.o
    0x080015e4   0x080015e4   0x00000014   Code   RO         1417    i.TIM_OCStructInit  stm32f4xx_tim.o
    0x080015f8   0x080015f8   0x0000007c   Code   RO         1442    i.TIM_TimeBaseInit  stm32f4xx_tim.o
    0x08001674   0x08001674   0x00000012   Code   RO         1443    i.TIM_TimeBaseStructInit  stm32f4xx_tim.o
    0x08001686   0x08001686   0x00000002   PAD
    0x08001688   0x08001688   0x00000010   Code   RO         4205    i.USART1_IRQHandler  serial_uart_stm32f4xx.o
    0x08001698   0x08001698   0x00000010   Code   RO         4206    i.USART3_IRQHandler  serial_uart_stm32f4xx.o
    0x080016a8   0x080016a8   0x00000010   Code   RO         4207    i.USART6_IRQHandler  serial_uart_stm32f4xx.o
    0x080016b8   0x080016b8   0x0000000c   Code   RO         1911    i.USART_ClearITPendingBit  stm32f4xx_usart.o
    0x080016c4   0x080016c4   0x00000014   Code   RO         1914    i.USART_Cmd         stm32f4xx_usart.o
    0x080016d8   0x080016d8   0x00000010   Code   RO         1915    i.USART_DMACmd      stm32f4xx_usart.o
    0x080016e8   0x080016e8   0x0000003e   Code   RO         1918    i.USART_GetITStatus  stm32f4xx_usart.o
    0x08001726   0x08001726   0x00000014   Code   RO         1919    i.USART_HalfDuplexCmd  stm32f4xx_usart.o
    0x0800173a   0x0800173a   0x00000030   Code   RO         1920    i.USART_ITConfig    stm32f4xx_usart.o
    0x0800176a   0x0800176a   0x00000002   PAD
    0x0800176c   0x0800176c   0x000000ac   Code   RO         1921    i.USART_Init        stm32f4xx_usart.o
    0x08001818   0x08001818   0x00000008   Code   RO         1931    i.USART_SendData    stm32f4xx_usart.o
    0x08001820   0x08001820   0x00000018   Code   RO         4611    i.activateConfig    config.o
    0x08001838   0x08001838   0x00000060   Code   RO         5289    i.calculateNonDataDrivenChannel  rx.o
    0x08001898   0x08001898   0x00000034   Code   RO         5290    i.calculateRxChannelsAndUpdateFailsafe  rx.o
    0x080018cc   0x080018cc   0x0000004c   Code   RO         4324    i.configTimeBaseKhz  timer.o
    0x08001918   0x08001918   0x00000010   Code   RO         4616    i.constrain         config.o
    0x08001928   0x08001928   0x00000016   Code   RO         2619    i.delay             system.o
    0x0800193e   0x0800193e   0x00000002   PAD
    0x08001940   0x08001940   0x00000018   Code   RO         2620    i.delayMicroseconds  system.o
    0x08001958   0x08001958   0x00000110   Code   RO         5291    i.detectAndApplySignalLossBehaviour  rx.o
    0x08001a68   0x08001a68   0x00000014   Code   RO         4902    i.feature           feature.o
    0x08001a7c   0x08001a7c   0x00000010   Code   RO         4903    i.featureClear      feature.o
    0x08001a8c   0x08001a8c   0x00000014   Code   RO         4905    i.featureConfigured  feature.o
    0x08001aa0   0x08001aa0   0x00000010   Code   RO         4907    i.featureSet        feature.o
    0x08001ab0   0x08001ab0   0x00000028   Code   RO         4036    i.findNextSerialPortConfig  serial.o
    0x08001ad8   0x08001ad8   0x00000010   Code   RO         4037    i.findSerialPortConfig  serial.o
    0x08001ae8   0x08001ae8   0x0000001c   Code   RO         4038    i.findSerialPortIndexByIdentifier  serial.o
    0x08001b04   0x08001b04   0x00000028   Code   RO         4039    i.findSerialPortUsageByIdentifier  serial.o
    0x08001b2c   0x08001b2c   0x0000000e   Code   RO         2334    i.fputc             main.o
    0x08001b3a   0x08001b3a   0x00000002   PAD
    0x08001b3c   0x08001b3c   0x0000002c   Code   RO         5292    i.getRxChannelCount  rx.o
    0x08001b68   0x08001b68   0x00000006   Code   RO         4909    i.intFeatureClearAll  feature.o
    0x08001b6e   0x08001b6e   0x00000008   Code   RO         4910    i.intFeatureSet     feature.o
    0x08001b76   0x08001b76   0x00000026   Code   RO         4798    i.isModeActivationConditionPresent  rc_controls.o
    0x08001b9c   0x08001b9c   0x0000001a   Code   RO         4119    i.isUartTransmitBufferEmpty  serial_uart.o
    0x08001bb6   0x08001bb6   0x00000002   PAD
    0x08001bb8   0x08001bb8   0x00000014   Code   RO         4911    i.latchActiveFeatures  feature.o
    0x08001bcc   0x08001bcc   0x000000c0   Code   RO         3752    i.ledTimerInit      pwm_output.o
    0x08001c8c   0x08001c8c   0x000000bc   Code   RO         2335    i.main              main.o
    0x08001d48   0x08001d48   0x00000054   Code   RO         2621    i.micros            system.o
    0x08001d9c   0x08001d9c   0x0000004c   Code   RO         2622    i.microsISR         system.o
    0x08001de8   0x08001de8   0x0000000c   Code   RO         2623    i.millis            system.o
    0x08001df4   0x08001df4   0x00000004   Code   RO         5293    i.nullFrameStatus   rx.o
    0x08001df8   0x08001df8   0x00000004   Code   RO         5294    i.nullReadRawRC     rx.o
    0x08001dfc   0x08001dfc   0x0000006c   Code   RO         4041    i.openSerialPort    serial.o
    0x08001e68   0x08001e68   0x00000038   Code   RO         5295    i.parseRcChannels   rx.o
    0x08001ea0   0x08001ea0   0x00000004   Code   RO         4833    i.processRx         fc_core.o
    0x08001ea4   0x08001ea4   0x00000064   Code   RO         3754    i.pwmOCConfig       pwm_output.o
    0x08001f08   0x08001f08   0x0000000c   Code   RO         3756    i.pwmWriteLed       pwm_output.o
    0x08001f14   0x08001f14   0x00000014   Code   RO         3757    i.pwmWriteStandard  pwm_output.o
    0x08001f28   0x08001f28   0x00000002   Code   RO         3758    i.pwmWriteUnused    pwm_output.o
    0x08001f2a   0x08001f2a   0x0000000e   Code   RO         4987    i.readEEPROM        config_eeprom.o
    0x08001f38   0x08001f38   0x00000220   Code   RO         5296    i.readRxChannelsApplyRanges  rx.o
    0x08002158   0x08002158   0x00000018   Code   RO         5297    i.resetAllRxChannelRangeConfigurations  rx.o
    0x08002170   0x08002170   0x000000d8   Code   RO         5298    i.rxInit            rx.o
    0x08002248   0x08002248   0x0000002c   Code   RO         3960    i.rxSerial3TestInit  rxserial3test.o
    0x08002274   0x08002274   0x00000010   Code   RO         3962    i.rxSerial3TestWrite  rxserial3test.o
    0x08002284   0x08002284   0x00000054   Code   RO         5299    i.rxUpdateCheck     rx.o
    0x080022d8   0x080022d8   0x00000050   Code   RO         5422    i.sbusDataReceiveCallBack  sbus.o
    0x08002328   0x08002328   0x000000d8   Code   RO         5423    i.sbusFrameStatus   sbus.o
    0x08002400   0x08002400   0x0000007c   Code   RO         5424    i.sbusInit          sbus.o
    0x0800247c   0x0800247c   0x0000001c   Code   RO         5425    i.sbusReadRawRC     sbus.o
    0x08002498   0x08002498   0x00000018   Code   RO         5251    i.scaleRange        maths.o
    0x080024b0   0x080024b0   0x00000034   Code   RO         4042    i.serialInit        serial.o
    0x080024e4   0x080024e4   0x00000012   Code   RO         5300    i.serialRxInit      rx.o
    0x080024f6   0x080024f6   0x00000002   PAD
    0x080024f8   0x080024f8   0x00000110   Code   RO         4208    i.serialUART        serial_uart_stm32f4xx.o
    0x08002608   0x08002608   0x0000000c   Code   RO         4209    i.serialUART1       serial_uart_stm32f4xx.o
    0x08002614   0x08002614   0x0000000c   Code   RO         4210    i.serialUART3       serial_uart_stm32f4xx.o
    0x08002620   0x08002620   0x0000000c   Code   RO         4211    i.serialUART6       serial_uart_stm32f4xx.o
    0x0800262c   0x0800262c   0x00000006   Code   RO         4044    i.serialWrite       serial.o
    0x08002632   0x08002632   0x0000001a   Code   RO         3103    i.spiInit           bus_spi.o
    0x0800264c   0x0800264c   0x00000118   Code   RO         3104    i.spiInitDevice     bus_spi.o
    0x08002764   0x08002764   0x00000050   Code   RO         2336    i.systemInit        main.o
    0x080027b4   0x080027b4   0x00000036   Code   RO         4621    i.targetConfiguration  config.o
    0x080027ea   0x080027ea   0x0000007a   Code   RO         4327    i.timCCxHandler     timer.o
    0x08002864   0x08002864   0x0000000a   Code   RO         4329    i.timerChCCR        timer.o
    0x0800286e   0x0800286e   0x00000002   PAD
    0x08002870   0x08002870   0x0000003c   Code   RO         4473    i.timerClockDivisor  timer_stm32f4xx.o
    0x080028ac   0x080028ac   0x0000003c   Code   RO         4334    i.timerGetByTag     timer.o
    0x080028e8   0x080028e8   0x00000084   Code   RO         4335    i.timerInit         timer.o
    0x0800296c   0x0800296c   0x00000028   Code   RO         4338    i.timerOCInit       timer.o
    0x08002994   0x08002994   0x00000028   Code   RO         4339    i.timerOCPreloadConfig  timer.o
    0x080029bc   0x080029bc   0x00000024   Code   RO         4340    i.timerRCC          timer.o
    0x080029e0   0x080029e0   0x00000096   Code   RO         4212    i.uartIrqHandler    serial_uart_stm32f4xx.o
    0x08002a76   0x08002a76   0x00000002   PAD
    0x08002a78   0x08002a78   0x00000174   Code   RO         4120    i.uartOpen          serial_uart.o
    0x08002bec   0x08002bec   0x0000002c   Code   RO         4121    i.uartRead          serial_uart.o
    0x08002c18   0x08002c18   0x0000008c   Code   RO         4122    i.uartReconfigure   serial_uart.o
    0x08002ca4   0x08002ca4   0x00000006   Code   RO         4123    i.uartSetBaudRate   serial_uart.o
    0x08002caa   0x08002caa   0x00000006   Code   RO         4124    i.uartSetMode       serial_uart.o
    0x08002cb0   0x08002cb0   0x0000004a   Code   RO         4125    i.uartStartTxDMA    serial_uart.o
    0x08002cfa   0x08002cfa   0x00000018   Code   RO         4126    i.uartTotalRxBytesWaiting  serial_uart.o
    0x08002d12   0x08002d12   0x00000026   Code   RO         4127    i.uartTotalTxBytesFree  serial_uart.o
    0x08002d38   0x08002d38   0x00000030   Code   RO         4128    i.uartWrite         serial_uart.o
    0x08002d68   0x08002d68   0x0000001c   Code   RO         4799    i.useRcControlsConfig  rc_controls.o
    0x08002d84   0x08002d84   0x00000040   Code   RO         4622    i.validateAndFixConfig  config.o
    0x08002dc4   0x08002dc4   0x0000002c   Code   RO         4623    i.validateAndFixGyroConfig  config.o
    0x08002df0   0x08002df0   0x0000000a   Code   RO         5777    x$fpl$fpinit        fz_wm.l(fpinit.o)
    0x08002dfa   0x08002dfa   0x00000002   PAD
    0x08002dfc   0x08002dfc   0x000000a8   Data   RO         2693    .constdata          target.o
    0x08002ea4   0x08002ea4   0x0000001a   Data   RO         3110    .constdata          bus_spi.o
    0x08002ebe   0x08002ebe   0x00000016   Data   RO         3443    .constdata          io.o
    0x08002ed4   0x08002ed4   0x00000003   Data   RO         4046    .constdata          serial.o
    0x08002ed7   0x08002ed7   0x00000001   PAD
    0x08002ed8   0x08002ed8   0x00000028   Data   RO         4129    .constdata          serial_uart.o
    0x08002f00   0x08002f00   0x00000070   Data   RO         4474    .constdata          timer_stm32f4xx.o
    0x08002f70   0x08002f70   0x0000001c   Data   RO         5303    .constdata          rx.o
    0x08002f8c   0x08002f8c   0x00000020   Data   RO         5873    Region$$Table       anon$$obj.o


    Execution Region RW_IRAM1 (Exec base: 0x20000000, Load base: 0x08002fac, Size: 0x00001c58, Max: 0x00020000, ABSOLUTE, COMPRESSED[0x00000084])

    Exec Addr    Load Addr    Size         Type   Attr      Idx    E Section Name        Object

    0x20000000   COMPRESSED   0x00000010   Data   RW          840    .data               stm32f4xx_rcc.o
    0x20000010   COMPRESSED   0x00000010   Data   RW         2337    .data               main.o
    0x20000020   COMPRESSED   0x00000004   Data   RW         2341    .data               main.o
    0x20000024   COMPRESSED   0x00000014   Data   RW         2578    .data               system_stm32f4xx.o
    0x20000038   COMPRESSED   0x0000000c   Data   RW         2625    .data               system.o
    0x20000044   COMPRESSED   0x00000010   Data   RW         3111    .data               bus_spi.o
    0x20000054   COMPRESSED   0x00000007   Data   RW         3249    .data               exti.o
    0x2000005b   COMPRESSED   0x00000001   Data   RW         3566    .data               led.o
    0x2000005c   COMPRESSED   0x00000008   Data   RW         3760    .data               pwm_output.o
    0x20000064   COMPRESSED   0x00000004   Data   RW         3963    .data               rxserial3test.o
    0x20000068   COMPRESSED   0x00000008   Data   RW         4048    .data               serial.o
    0x20000070   COMPRESSED   0x0000047c   Data   RW         4213    .data               serial_uart_stm32f4xx.o
    0x200004ec   COMPRESSED   0x0000047c   Data   RW         4214    .data               serial_uart_stm32f4xx.o
    0x20000968   COMPRESSED   0x0000047c   Data   RW         4215    .data               serial_uart_stm32f4xx.o
    0x20000de4   COMPRESSED   0x00000018   Data   RW         4216    .data               serial_uart_stm32f4xx.o
    0x20000dfc   COMPRESSED   0x00000006   Data   RW         4342    .data               timer.o
    0x20000e02   COMPRESSED   0x00000002   PAD
    0x20000e04   COMPRESSED   0x00000004   Data   RW         4625    .data               config.o
    0x20000e08   COMPRESSED   0x0000000c   Data   RW         4800    .data               rc_controls.o
    0x20000e14   COMPRESSED   0x00000004   Data   RW         4912    .data               feature.o
    0x20000e18   COMPRESSED   0x00000020   Data   RW         5305    .data               rx.o
    0x20000e38   COMPRESSED   0x00000008   Data   RW         5427    .data               sbus.o
    0x20000e40        -       0x00000010   Zero   RW         2624    .bss                system.o
    0x20000e50        -       0x00000040   Zero   RW         3247    .bss                exti.o
    0x20000e90        -       0x00000280   Zero   RW         3442    .bss                io.o
    0x20001110        -       0x00000010   Zero   RW         3565    .bss                led.o
    0x20001120        -       0x00000140   Zero   RW         3759    .bss                pwm_output.o
    0x20001260        -       0x00000024   Zero   RW         4045    .bss                serial.o
    0x20001284        -       0x000000fe   Zero   RW         4341    .bss                timer.o
    0x20001382   COMPRESSED   0x00000002   PAD
    0x20001384        -       0x00000134   Zero   RW         4624    .bss                config.o
    0x200014b8        -       0x000000dc   Zero   RW         5302    .bss                rx.o
    0x20001594        -       0x00000064   Zero   RW         5426    .bss                sbus.o
    0x200015f8        -       0x00000060   Zero   RW         5782    .bss                c_w.l(libspace.o)
    0x20001658        -       0x00000200   Zero   RW            2    HEAP                startup_stm32f407xx.o
    0x20001858        -       0x00000400   Zero   RW            1    STACK               startup_stm32f407xx.o


==============================================================================

Image component sizes


      Code (inc. data)   RO Data    RW Data    ZI Data      Debug   Object Name

         0          0          0          0          0       3028   accgyro_i2c_mpu9250.o
         0          0          0          0          0       1712   accgyro_spi_mpu9250.o
       306         24         26         16          0       3286   bus_spi.o
         0          0          0          0          0        880   button.o
       866         56          0          4        308      11645   config.o
        14          0          0          0          0        529   config_eeprom.o
       132         16          0          7         64       5703   exti.o
         4          0          0          0          0        504   fc_core.o
       106         30          0          4          0       4623   feature.o
         0          0          0          0          0       3286   gps.o
       420         38         22          0        640      14901   io.o
       176         16          0          1         16       1891   led.o
       430         58          0         20          0      54351   main.o
        24          0          0          0          0        733   maths.o
       120         14          0          0          0     285579   misc.o
       326         28          0          8        320       7769   pwm_output.o
        66          6          0         12          0       4033   rc_controls.o
        72          0          0          0          0       1318   rcc.o
      1414        388         28         32        220      14301   rx.o
        60         10          0          4          0       1733   rxserial3test.o
       448         44          0          8        100       4327   sbus.o
       290         46          3          8         36       9010   serial.o
       778         12         40          0          0       9101   serial_uart.o
       506         26          0       3468          0       6856   serial_uart_stm32f4xx.o
        64         26        392          0       1536        904   startup_stm32f407xx.o
       494         24          0          0          0       6913   stm32f4xx_dma.o
       212          0          0          0          0       2601   stm32f4xx_gpio.o
       328         58          0         16          0       8411   stm32f4xx_rcc.o
       208         24          0          0          0      11026   stm32f4xx_spi.o
       712         60          0          0          0      30477   stm32f4xx_tim.o
       358          8          0          0          0       6750   stm32f4xx_usart.o
       290         38          0         12         16       7194   system.o
       272         36          0         20          0       2161   system_stm32f4xx.o
         0          0        168          0          0       2327   target.o
       596         74          0          6        254      10384   timer.o
        60         22        112          0          0       2919   timer_stm32f4xx.o

    ----------------------------------------------------------------------
     10172       1182        824       3648       3512     543166   Object Totals
         0          0         32          0          0          0   (incl. Generated)
        20          0          1          2          2          0   (incl. Padding)

    ----------------------------------------------------------------------

      Code (inc. data)   RO Data    RW Data    ZI Data      Debug   Library Member Name

        90          0          0          0          0          0   __dczerorl2.o
         8          0          0          0          0         68   __main.o
       104          0          0          0          0         84   __printf.o
         0          0          0          0          0          0   __rtentry.o
        12          0          0          0          0          0   __rtentry2.o
         6          0          0          0          0          0   __rtentry4.o
        52          8          0          0          0          0   __scatter.o
        28          0          0          0          0          0   __scatter_zi.o
        44          0          0          0          0        108   _printf_char.o
        48          6          0          0          0         96   _printf_char_common.o
        36          4          0          0          0         80   _printf_char_file.o
         6          0          0          0          0          0   _printf_d.o
       120         16          0          0          0         92   _printf_dec.o
       178          0          0          0          0         88   _printf_intcommon.o
         0          0          0          0          0          0   _printf_percent.o
         4          0          0          0          0          0   _printf_percent_end.o
         6          0          0          0          0          0   _printf_s.o
        82          0          0          0          0         80   _printf_str.o
         6          0          0          0          0          0   _printf_u.o
        16          0          0          0          0         68   aeabi_memset.o
        18          0          0          0          0         80   exit.o
         8          0          0          0          0         68   ferror.o
         6          0          0          0          0        152   heapauxi.o
         0          0          0          0          0          0   indicate_semi.o
         2          0          0          0          0          0   libinit.o
         6          0          0          0          0          0   libinit2.o
         2          0          0          0          0          0   libshutdown.o
         2          0          0          0          0          0   libshutdown2.o
         8          4          0          0         96         68   libspace.o
        24          4          0          0          0         84   noretval__2printf.o
        68          0          0          0          0         68   rt_memclr.o
        78          0          0          0          0         80   rt_memclr_w.o
         2          0          0          0          0          0   rtexit.o
        10          0          0          0          0          0   rtexit2.o
        20          0          0          0          0         68   strchr.o
        12          4          0          0          0         68   sys_exit.o
        74          0          0          0          0         80   sys_stackheap_outer.o
         2          0          0          0          0         68   use_no_semi.o
        10          0          0          0          0        116   fpinit.o

    ----------------------------------------------------------------------
      1208         46          0          0         96       1764   Library Totals
        10          0          0          0          0          0   (incl. Padding)

    ----------------------------------------------------------------------

      Code (inc. data)   RO Data    RW Data    ZI Data      Debug   Library Name

      1188         46          0          0         96       1648   c_w.l
        10          0          0          0          0        116   fz_wm.l

    ----------------------------------------------------------------------
      1208         46          0          0         96       1764   Library Totals

    ----------------------------------------------------------------------

==============================================================================


      Code (inc. data)   RO Data    RW Data    ZI Data      Debug   

     11380       1228        824       3648       3608     527798   Grand Totals
     11380       1228        824        132       3608     527798   ELF Image Totals (compressed)
     11380       1228        824        132          0          0   ROM Totals

==============================================================================

    Total RO  Size (Code + RO Data)                12204 (  11.92kB)
    Total RW  Size (RW Data + ZI Data)              7256 (   7.09kB)
    Total ROM Size (Code + RO Data + RW Data)      12336 (  12.05kB)

==============================================================================

